 bindings

 Timestamp is 5ca177e1 (Mon Apr  1 10:30:57 2019)

 Preferred load address is 0000000180000000

 Start         Length     Name                   Class
 0001:00000000 00000040H .text$di                CODE
 0001:00000040 0001c810H .text$mn                CODE
 0001:0001c850 000000e0H .text$mn$00             CODE
 0001:0001c930 00001160H .text$x                 CODE
 0001:0001da90 0000006fH .text$yd                CODE
 0002:00000000 00000550H .idata$5                DATA
 0002:00000550 00000020H .00cfg                  DATA
 0002:00000570 00000008H .CRT$XCA                DATA
 0002:00000578 00000010H .CRT$XCU                DATA
 0002:00000588 00000008H .CRT$XCZ                DATA
 0002:00000590 00000008H .CRT$XIA                DATA
 0002:00000598 00000018H .CRT$XIC                DATA
 0002:000005b0 00000008H .CRT$XIZ                DATA
 0002:000005b8 00000008H .CRT$XPA                DATA
 0002:000005c0 00000010H .CRT$XPX                DATA
 0002:000005d0 00000008H .CRT$XPXA               DATA
 0002:000005d8 00000008H .CRT$XPZ                DATA
 0002:000005e0 00000008H .CRT$XTA                DATA
 0002:000005e8 00000008H .CRT$XTZ                DATA
 0002:000005f0 00000000H .gfids$y                DATA
 0002:000005f0 000094e0H .rdata                  DATA
 0002:00009ad0 0000037cH .rdata$r                DATA
 0002:00009e4c 0000038cH .rdata$zzzdbg           DATA
 0002:0000a1d8 00000008H .rtc$IAA                DATA
 0002:0000a1e0 00000008H .rtc$IZZ                DATA
 0002:0000a1e8 00000008H .rtc$TAA                DATA
 0002:0000a1f0 00000010H .rtc$TZZ                DATA
 0002:0000a200 000026e8H .xdata                  DATA
 0002:0000c8e8 000001e8H .xdata$x                DATA
 0002:0000cad0 00000058H .edata                  DATA
 0002:0000cb28 00000064H .idata$2                DATA
 0002:0000cb8c 00000014H .idata$3                DATA
 0002:0000cba0 00000550H .idata$4                DATA
 0002:0000d0f0 00001730H .idata$6                DATA
 0003:00000000 00000980H .data                   DATA
 0003:00000980 00000120H .data$r                 DATA
 0003:00000aa0 000011ccH .bss                    DATA
 0004:00000000 0000195cH .pdata                  DATA
 0005:00000000 00000060H .rsrc$01                DATA
 0005:00000060 00000180H .rsrc$02                DATA

  Address         Publics by Value              Rva+Base               Lib:Object

 0000:00000000       __guard_iat_table          0000000000000000     <absolute>
 0000:00000000       __dynamic_value_reloc_table 0000000000000000     <absolute>
 0000:00000000       __hybrid_code_map          0000000000000000     <absolute>
 0000:00000000       __hybrid_code_map_count    0000000000000000     <absolute>
 0000:00000000       __guard_iat_count          0000000000000000     <absolute>
 0000:00000000       __hybrid_auxiliary_iat     0000000000000000     <absolute>
 0000:00000000       __guard_longjmp_table      0000000000000000     <absolute>
 0000:00000000       __guard_longjmp_count      0000000000000000     <absolute>
 0000:00000000       __guard_fids_count         0000000000000000     <absolute>
 0000:00000000       __enclave_config           0000000000000000     <absolute>
 0000:00000000       ___safe_se_handler_table   0000000000000000     <absolute>
 0000:00000000       ___safe_se_handler_count   0000000000000000     <absolute>
 0000:00000000       __guard_fids_table         0000000000000000     <absolute>
 0000:00000100       __guard_flags              0000000000000100     <absolute>
 0000:00000000       __ImageBase                0000000180000000     <linker-defined>
 0001:00000040       __local_stdio_printf_options 0000000180001040 f i serialport.obj
 0001:00000050       snprintf                   0000000180001050 f i serialport.obj
 0001:00000180       ??1EscapableHandleScope@Nan@@QEAA@XZ 0000000180001180 f i serialport.obj
 0001:000001b0       ??1HandleScope@Nan@@QEAA@XZ 00000001800011b0 f i serialport.obj
 0001:000001d0       ?ThrowTypeError@Nan@@YAXPEBD@Z 00000001800011d0 f i serialport.obj
 0001:00000270       ??1Utf8String@Nan@@QEAA@XZ 0000000180001270 f i serialport.obj
 0001:000002a0       ??1Callback@Nan@@QEAA@XZ   00000001800012a0 f i serialport.obj
 0001:000002e0       ?Call@Callback@Nan@@QEBA?AV?$MaybeLocal@VValue@v8@@@v8@@HQEAV?$Local@VValue@v8@@@4@PEAVAsyncResource@2@@Z 00000001800012e0 f i serialport.obj
 0001:00000400       ??1?$Persistent@VFunction@v8@@V?$NonCopyablePersistentTraits@VFunction@v8@@@2@@Nan@@QEAA@XZ 0000000180001400 f i serialport.obj
 0001:00000400       ??1?$Persistent@VObject@v8@@V?$NonCopyablePersistentTraits@VObject@v8@@@2@@Nan@@QEAA@XZ 0000000180001400 f i serialport_win.obj
 0001:00000420       ??0VoidBaton@@QEAA@XZ      0000000180001420 f i serialport.obj
 0001:00000480       ?getValueFromObject@@YA?AV?$Local@VValue@v8@@@v8@@V?$Local@VObject@v8@@@2@V?$basic_string@DU?$char_traits@D@std@@V?$allocator@D@2@@std@@@Z 0000000180001480 f   serialport.obj
 0001:000005d0       ?getIntFromObject@@YAHV?$Local@VObject@v8@@@v8@@V?$basic_string@DU?$char_traits@D@std@@V?$allocator@D@2@@std@@@Z 00000001800015d0 f   serialport.obj
 0001:00000710       ?getBoolFromObject@@YA_NV?$Local@VObject@v8@@@v8@@V?$basic_string@DU?$char_traits@D@std@@V?$allocator@D@2@@std@@@Z 0000000180001710 f   serialport.obj
 0001:00000850       ?Open@@YAXAEBV?$FunctionCallbackInfo@VValue@v8@@@Nan@@@Z 0000000180001850 f   serialport.obj
 0001:00000f30       ?EIO_AfterOpen@@YAXPEAUuv_work_s@@@Z 0000000180001f30 f   serialport.obj
 0001:00001110       ?Update@@YAXAEBV?$FunctionCallbackInfo@VValue@v8@@@Nan@@@Z 0000000180002110 f   serialport.obj
 0001:00001470       ?EIO_AfterUpdate@@YAXPEAUuv_work_s@@@Z 0000000180002470 f   serialport.obj
 0001:00001580       ?Close@@YAXAEBV?$FunctionCallbackInfo@VValue@v8@@@Nan@@@Z 0000000180002580 f   serialport.obj
 0001:00001770       ?EIO_AfterFlush@@YAXPEAUuv_work_s@@@Z 0000000180002770 f   serialport.obj
 0001:00001770       ?EIO_AfterClose@@YAXPEAUuv_work_s@@@Z 0000000180002770 f   serialport.obj
 0001:00001770       ?EIO_AfterDrain@@YAXPEAUuv_work_s@@@Z 0000000180002770 f   serialport.obj
 0001:00001880       ?Flush@@YAXAEBV?$FunctionCallbackInfo@VValue@v8@@@Nan@@@Z 0000000180002880 f   serialport.obj
 0001:00001a50       ?Set@@YAXAEBV?$FunctionCallbackInfo@VValue@v8@@@Nan@@@Z 0000000180002a50 f   serialport.obj
 0001:00001de0       ?EIO_AfterSet@@YAXPEAUuv_work_s@@@Z 0000000180002de0 f   serialport.obj
 0001:00001ef0       ?Get@@YAXAEBV?$FunctionCallbackInfo@VValue@v8@@@Nan@@@Z 0000000180002ef0 f   serialport.obj
 0001:00002120       ?EIO_AfterGet@@YAXPEAUuv_work_s@@@Z 0000000180003120 f   serialport.obj
 0001:00002390       ?GetBaudRate@@YAXAEBV?$FunctionCallbackInfo@VValue@v8@@@Nan@@@Z 0000000180003390 f   serialport.obj
 0001:000025a0       ?EIO_AfterGetBaudRate@@YAXPEAUuv_work_s@@@Z 00000001800035a0 f   serialport.obj
 0001:00002790       ?Drain@@YAXAEBV?$FunctionCallbackInfo@VValue@v8@@@Nan@@@Z 0000000180003790 f   serialport.obj
 0001:00002960       ?ToParityEnum@@YA?AW4SerialPortParity@@AEBV?$Local@VString@v8@@@v8@@@Z 0000000180003960 f i serialport.obj
 0001:00002b90       ?init@@YAXV?$Local@VObject@v8@@@v8@@@Z 0000000180003b90 f   serialport.obj
 0001:00002cd0       ??1?$Persistent@VObject@v8@@V?$NonCopyablePersistentTraits@VObject@v8@@@2@@v8@@QEAA@XZ 0000000180003cd0 f i serialport_win.obj
 0001:00002cd0       ??1?$Persistent@VFunction@v8@@V?$NonCopyablePersistentTraits@VFunction@v8@@@2@@v8@@QEAA@XZ 0000000180003cd0 f i serialport.obj
 0001:00002cf0       ??1?$basic_string@DU?$char_traits@D@std@@V?$allocator@D@2@@std@@QEAA@XZ 0000000180003cf0 f i serialport.obj
 0001:00002d60       ??0?$basic_string@DU?$char_traits@D@std@@V?$allocator@D@2@@std@@QEAA@QEBD@Z 0000000180003d60 f i serialport.obj
 0001:00002ed0       ??0?$basic_string@DU?$char_traits@D@std@@V?$allocator@D@2@@std@@QEAA@AEBV01@@Z 0000000180003ed0 f i serialport.obj
 0001:00002fb0       ??$New@VString@v8@@V?$basic_string@DU?$char_traits@D@std@@V?$allocator@D@2@@std@@@Nan@@YA?AV?$MaybeLocal@VString@v8@@@v8@@V?$basic_string@DU?$char_traits@D@std@@V?$allocator@D@2@@std@@@Z 0000000180003fb0 f i serialport.obj
 0001:000030b0       ??$SetMethod@VObject@v8@@VLocal@2@@Nan@@YAXV?$Local@VObject@v8@@@v8@@PEBDP6AXAEBV?$FunctionCallbackInfo@VValue@v8@@@0@@Z@Z 00000001800040b0 f i serialport.obj
 0001:000032d0       ??$_Allocate@$0BA@U_Default_allocate_traits@std@@$0A@@std@@YAPEAX_K@Z 00000001800042d0 f i serialport.obj
 0001:00003330       ?_Xlen@?$basic_string@DU?$char_traits@D@std@@V?$allocator@D@2@@std@@SAXXZ 0000000180004330 f i serialport.obj
 0001:00003350       ??$SetMethodAux@V?$Local@VObject@v8@@@v8@@@imp@Nan@@YAXV?$Local@VObject@v8@@@v8@@V?$Local@VString@v8@@@3@V?$Local@VFunctionTemplate@v8@@@3@ZZ 0000000180004350 f i serialport.obj
 0001:00003430       _snprintf_s                0000000180004430 f i serialport_win.obj
 0001:000034a0       ?ErrorCodeToString@@YAXPEBDHPEAD@Z 00000001800044a0 f   serialport_win.obj
 0001:00003540       ?AsyncCloseCallback@@YAXPEAUuv_handle_s@@@Z 0000000180004540 f   serialport_win.obj
 0001:00003550       ?EIO_Open@@YAXPEAUuv_work_s@@@Z 0000000180004550 f   serialport_win.obj
 0001:00003940       ?EIO_Update@@YAXPEAUuv_work_s@@@Z 0000000180004940 f   serialport_win.obj
 0001:00003a00       ?EIO_Set@@YAXPEAUuv_work_s@@@Z 0000000180004a00 f   serialport_win.obj
 0001:00003ad0       ?EIO_Get@@YAXPEAUuv_work_s@@@Z 0000000180004ad0 f   serialport_win.obj
 0001:00003b50       ?EIO_GetBaudRate@@YAXPEAUuv_work_s@@@Z 0000000180004b50 f   serialport_win.obj
 0001:00003bf0       ?Write@@YAXAEBV?$FunctionCallbackInfo@VValue@v8@@@Nan@@@Z 0000000180004bf0 f   serialport_win.obj
 0001:00003f50       ?WriteIOCompletion@@YAXKKPEAU_OVERLAPPED@@@Z 0000000180004f50 f   serialport_win.obj
 0001:00003fc0       ?WriteThread@@YAKPEAX@Z    0000000180004fc0 f   serialport_win.obj
 0001:000040a0       ?EIO_AfterWrite@@YAXPEAUuv_async_s@@@Z 00000001800050a0 f   serialport_win.obj
 0001:000041f0       ?Read@@YAXAEBV?$FunctionCallbackInfo@VValue@v8@@@Nan@@@Z 00000001800051f0 f   serialport_win.obj
 0001:00004690       ?ReadIOCompletion@@YAXKKPEAU_OVERLAPPED@@@Z 0000000180005690 f   serialport_win.obj
 0001:00004850       ?ReadThread@@YAKPEAX@Z     0000000180005850 f   serialport_win.obj
 0001:00004990       ?EIO_AfterRead@@YAXPEAUuv_async_s@@@Z 0000000180005990 f   serialport_win.obj
 0001:00004b80       ?EIO_Close@@YAXPEAUuv_work_s@@@Z 0000000180005b80 f   serialport_win.obj
 0001:00004c50       ?List@@YAXAEBV?$FunctionCallbackInfo@VValue@v8@@@Nan@@@Z 0000000180005c50 f   serialport_win.obj
 0001:00004db0       ?getSerialNumber@@YAXPEBD0QEAXU_SP_DEVINFO_DATA@@IPEAD@Z 0000000180005db0 f   serialport_win.obj
 0001:00005120       ?EIO_List@@YAXPEAUuv_work_s@@@Z 0000000180006120 f   serialport_win.obj
 0001:00005f50       ?setIfNotEmpty@@YAXV?$Local@VObject@v8@@@v8@@V?$basic_string@DU?$char_traits@D@std@@V?$allocator@D@2@@std@@PEBD@Z 0000000180006f50 f   serialport_win.obj
 0001:00006120       ?EIO_AfterList@@YAXPEAUuv_work_s@@@Z 0000000180007120 f   serialport_win.obj
 0001:000065c0       ??1ListResultItem@@QEAA@XZ 00000001800075c0 f i serialport_win.obj
 0001:00006850       ?EIO_Flush@@YAXPEAUuv_work_s@@@Z 0000000180007850 f   serialport_win.obj
 0001:00006890       ?EIO_Drain@@YAXPEAUuv_work_s@@@Z 0000000180007890 f   serialport_win.obj
 0001:000068d0       ??1?$list@PEAUListResultItem@@V?$allocator@PEAUListResultItem@@@std@@@std@@QEAA@XZ 00000001800078d0 f i serialport_win.obj
 0001:00006940       ??1?$_List_buy@HV?$allocator@H@std@@@std@@QEAA@XZ 0000000180007940 f i serialport_win.obj
 0001:00006980       ??1?$_List_buy@PEAUListResultItem@@V?$allocator@PEAUListResultItem@@@std@@@std@@QEAA@XZ 0000000180007980 f i serialport_win.obj
 0001:000069b0       ??1?$_List_alloc@U?$_List_base_types@HV?$allocator@H@std@@@std@@@std@@QEAA@XZ 00000001800079b0 f i serialport_win.obj
 0001:000069e0       ??1?$_List_alloc@U?$_List_base_types@PEAUListResultItem@@V?$allocator@PEAUListResultItem@@@std@@@std@@@std@@QEAA@XZ 00000001800079e0 f i serialport_win.obj
 0001:00006a00       ??0bad_alloc@std@@QEAA@AEBV01@@Z 0000000180007a00 f i libcpmt:xthrow.obj
 0001:00006a40       ??0bad_alloc@std@@QEAA@XZ  0000000180007a40 f i libcpmt:xthrow.obj
 0001:00006a60       ??0exception@std@@QEAA@AEBV01@@Z 0000000180007a60 f i libcpmt:xthrow.obj
 0001:00006a98       ??0length_error@std@@QEAA@AEBV01@@Z 0000000180007a98 f i libcpmt:xthrow.obj
 0001:00006ad8       ??0length_error@std@@QEAA@PEBD@Z 0000000180007ad8 f i libcpmt:xthrow.obj
 0001:00006b24       ??0logic_error@std@@QEAA@AEBV01@@Z 0000000180007b24 f i libcpmt:xthrow.obj
 0001:00006b64       ??1length_error@std@@UEAA@XZ 0000000180007b64 f i libcpmt:xthrow.obj
 0001:00006b64       ??1bad_array_new_length@std@@UEAA@XZ 0000000180007b64 f i LIBCMT:throw_bad_alloc.obj
 0001:00006b64       ??1bad_exception@std@@UEAA@XZ 0000000180007b64 f i libvcruntime:frame.obj
 0001:00006b64       ??1bad_alloc@std@@UEAA@XZ  0000000180007b64 f i libcpmt:xthrow.obj
 0001:00006b78       ??_Ebad_alloc@std@@UEAAPEAXI@Z 0000000180007b78 f i libcpmt:xthrow.obj
 0001:00006b78       ??_Elength_error@std@@UEAAPEAXI@Z 0000000180007b78 f i libcpmt:xthrow.obj
 0001:00006b78       ??_Gbad_array_new_length@std@@UEAAPEAXI@Z 0000000180007b78 f i LIBCMT:throw_bad_alloc.obj
 0001:00006b78       ??_Gexception@std@@UEAAPEAXI@Z 0000000180007b78 f i libcpmt:xthrow.obj
 0001:00006b78       ??_Glength_error@std@@UEAAPEAXI@Z 0000000180007b78 f i libcpmt:xthrow.obj
 0001:00006b78       ??_Eexception@std@@UEAAPEAXI@Z 0000000180007b78 f i libcpmt:xthrow.obj
 0001:00006b78       ??_Glogic_error@std@@UEAAPEAXI@Z 0000000180007b78 f i libcpmt:xthrow.obj
 0001:00006b78       ??_Ebad_exception@std@@UEAAPEAXI@Z 0000000180007b78 f i libvcruntime:frame.obj
 0001:00006b78       ??_Gbad_exception@std@@UEAAPEAXI@Z 0000000180007b78 f i libvcruntime:frame.obj
 0001:00006b78       ??_Ebad_array_new_length@std@@UEAAPEAXI@Z 0000000180007b78 f i LIBCMT:throw_bad_alloc.obj
 0001:00006b78       ??_Gbad_alloc@std@@UEAAPEAXI@Z 0000000180007b78 f i libcpmt:xthrow.obj
 0001:00006b78       ??_Elogic_error@std@@UEAAPEAXI@Z 0000000180007b78 f i libcpmt:xthrow.obj
 0001:00006bbc       ?_Xlength_error@std@@YAXPEBD@Z 0000000180007bbc f   libcpmt:xthrow.obj
 0001:00006be0       ?what@exception@std@@UEBAPEBDXZ 0000000180007be0 f i libcpmt:xthrow.obj
 0001:00006c10       __security_check_cookie    0000000180007c10 f   LIBCMT:_amdsecgs_.obj
 0001:00006c34       ??2@YAPEAX_K@Z             0000000180007c34 f   LIBCMT:new_scalar.obj
 0001:00006c70       ??3@YAXPEAX_K@Z            0000000180007c70 f   LIBCMT:delete_scalar_size.obj
 0001:00006c78       __raise_securityfailure    0000000180007c78 f   LIBCMT:gs_report.obj
 0001:00006cac       __report_gsfailure         0000000180007cac f   LIBCMT:gs_report.obj
 0001:00006d80       __report_rangecheckfailure 0000000180007d80 f   LIBCMT:gs_report.obj
 0001:00006d94       __report_securityfailure   0000000180007d94 f   LIBCMT:gs_report.obj
 0001:00006f14       __scrt_acquire_startup_lock 0000000180007f14 f   LIBCMT:utility.obj
 0001:00006f50       __scrt_dllmain_after_initialize_c 0000000180007f50 f   LIBCMT:utility.obj
 0001:00006f84       __scrt_dllmain_before_initialize_c 0000000180007f84 f   LIBCMT:utility.obj
 0001:00006f9c       __scrt_dllmain_crt_thread_attach 0000000180007f9c f   LIBCMT:utility.obj
 0001:00006fc4       __scrt_dllmain_crt_thread_detach 0000000180007fc4 f   LIBCMT:utility.obj
 0001:00006fdc       __scrt_dllmain_exception_filter 0000000180007fdc f   LIBCMT:utility.obj
 0001:00007040       __scrt_dllmain_uninitialize_c 0000000180008040 f   LIBCMT:utility.obj
 0001:00007070       __scrt_dllmain_uninitialize_critical 0000000180008070 f   LIBCMT:utility.obj
 0001:00007084       __scrt_initialize_crt      0000000180008084 f   LIBCMT:utility.obj
 0001:000070d0       __scrt_initialize_onexit_tables 00000001800080d0 f   LIBCMT:utility.obj
 0001:000071b0       __scrt_is_nonwritable_in_current_image 00000001800081b0 f   LIBCMT:utility.obj
 0001:0000724c       __scrt_release_startup_lock 000000018000824c f   LIBCMT:utility.obj
 0001:00007270       __scrt_uninitialize_crt    0000000180008270 f   LIBCMT:utility.obj
 0001:0000729c       _onexit                    000000018000829c f   LIBCMT:utility.obj
 0001:000072ec       atexit                     00000001800082ec f   LIBCMT:utility.obj
 0001:00007648       _DllMainCRTStartup         0000000180008648 f   LIBCMT:dll_dllmain.obj
 0001:00007688       ??_Gtype_info@@UEAAPEAXI@Z 0000000180008688 f i LIBCMT:std_type_info_static.obj
 0001:00007688       ??_Etype_info@@UEAAPEAXI@Z 0000000180008688 f i LIBCMT:std_type_info_static.obj
 0001:000076b4       ??0bad_array_new_length@std@@QEAA@AEBV01@@Z 00000001800086b4 f i LIBCMT:throw_bad_alloc.obj
 0001:000076f4       ??0bad_array_new_length@std@@QEAA@XZ 00000001800086f4 f i LIBCMT:throw_bad_alloc.obj
 0001:00007714       ?__scrt_throw_std_bad_alloc@@YAXXZ 0000000180008714 f   LIBCMT:throw_bad_alloc.obj
 0001:00007734       ?__scrt_throw_std_bad_array_new_length@@YAXXZ 0000000180008734 f   LIBCMT:throw_bad_alloc.obj
 0001:00007754       ??3@YAXPEAX@Z              0000000180008754 f   LIBCMT:delete_scalar.obj
 0001:0000775c       __isa_available_init       000000018000875c f   LIBCMT:_cpu_disp_.obj
 0001:00007918       _get_startup_argv_mode     0000000180008918 f   LIBCMT:argv_mode.obj
 0001:00007918       DllMain                    0000000180008918 f   LIBCMT:dll_dllmain_stub.obj
 0001:00007920       __scrt_is_ucrt_dll_in_use  0000000180008920 f   LIBCMT:ucrt_detection.obj
 0001:0000792c       __crt_debugger_hook        000000018000892c f   LIBCMT:utility_desktop.obj
 0001:00007934       __scrt_fastfail            0000000180008934 f   LIBCMT:utility_desktop.obj
 0001:00007a80       _guard_check_icall         0000000180008a80 f i LIBCMT:checkcfg.obj
 0001:00007a88       __security_init_cookie     0000000180008a88 f   LIBCMT:gs_support.obj
 0001:00007b38       ?__scrt_initialize_type_info@@YAXXZ 0000000180008b38 f   LIBCMT:tncleanup.obj
 0001:00007b48       ?__scrt_uninitialize_type_info@@YAXXZ 0000000180008b48 f   LIBCMT:tncleanup.obj
 0001:00007b54       __local_stdio_scanf_options 0000000180008b54 f i LIBCMT:default_local_stdio_options.obj
 0001:00007b5c       __scrt_initialize_default_local_stdio_options 0000000180008b5c f   LIBCMT:default_local_stdio_options.obj
 0001:00007b78       __scrt_get_dyn_tls_init_callback 0000000180008b78 f   LIBCMT:dyn_tls_init.obj
 0001:00007b80       _RTC_Initialize            0000000180008b80 f   LIBCMT:_initsect_.obj
 0001:00007bcc       _RTC_Terminate             0000000180008bcc f   LIBCMT:_initsect_.obj
 0001:00007c18       _guard_check_icall_nop     0000000180008c18 f i LIBCMT:guard_support.obj
 0001:00007c20       ?_ExecutionInCatch@@YAHPEAU_xDISPATCHER_CONTEXT@@PEBU_s_FuncInfo@@@Z 0000000180008c20 f   libvcruntime:risctrnsctrl.obj
 0001:00007c94       ?_GetEstablisherFrame@@YAPEA_KPEA_KPEAU_xDISPATCHER_CONTEXT@@PEBU_s_FuncInfo@@0@Z 0000000180008c94 f   libvcruntime:risctrnsctrl.obj
 0001:00007d60       ?_GetRangeOfTrysToCheck@@YAPEBU_s_TryBlockMapEntry@@PEA_KPEBU_s_FuncInfo@@HHPEAI2PEAU_xDISPATCHER_CONTEXT@@@Z 0000000180008d60 f   libvcruntime:risctrnsctrl.obj
 0001:00007e8c       ?__FrameUnwindToEmptyState@@YAXPEA_KPEAU_xDISPATCHER_CONTEXT@@PEBU_s_FuncInfo@@@Z 0000000180008e8c f   libvcruntime:risctrnsctrl.obj
 0001:00007f20       _CallSETranslator          0000000180008f20 f   libvcruntime:risctrnsctrl.obj
 0001:00007f78       _CreateFrameInfo           0000000180008f78 f   libvcruntime:risctrnsctrl.obj
 0001:00007fb4       _FindAndUnlinkFrame        0000000180008fb4 f   libvcruntime:risctrnsctrl.obj
 0001:00008010       _GetImageBase              0000000180009010 f   libvcruntime:risctrnsctrl.obj
 0001:00008024       _GetThrowImageBase         0000000180009024 f   libvcruntime:risctrnsctrl.obj
 0001:00008038       _SetImageBase              0000000180009038 f   libvcruntime:risctrnsctrl.obj
 0001:00008050       _SetThrowImageBase         0000000180009050 f   libvcruntime:risctrnsctrl.obj
 0001:00008068       _UnwindNestedFrames        0000000180009068 f   libvcruntime:risctrnsctrl.obj
 0001:0000818c       __CxxFrameHandler3         000000018000918c f   libvcruntime:risctrnsctrl.obj
 0001:00008220       memcpy                     0000000180009220 f   libvcruntime:memcpy.obj
 0001:00008220       memmove                    0000000180009220 f   libvcruntime:memcpy.obj
 0001:00008668       strstr                     0000000180009668 f   libvcruntime:strstr.obj
 0001:00008864       __std_exception_copy       0000000180009864 f   libvcruntime:std_exception.obj
 0001:000088f4       __std_exception_destroy    00000001800098f4 f   libvcruntime:std_exception.obj
 0001:0000891c       _CxxThrowException         000000018000991c f   libvcruntime:throw.obj
 0001:000089f4       __vcrt_initialize          00000001800099f4 f   libvcruntime:initialization.obj
 0001:00008a28       __vcrt_thread_attach       0000000180009a28 f   libvcruntime:initialization.obj
 0001:00008a3c       __vcrt_thread_detach       0000000180009a3c f   libvcruntime:initialization.obj
 0001:00008a50       __vcrt_uninitialize        0000000180009a50 f   libvcruntime:initialization.obj
 0001:00008a70       __vcrt_uninitialize_critical 0000000180009a70 f   libvcruntime:initialization.obj
 0001:00008a80       __C_specific_handler       0000000180009a80 f   libvcruntime:_riscchandler_.obj
 0001:00008ca0       memset                     0000000180009ca0 f   libvcruntime:memset.obj
 0001:00008e50       __std_type_info_compare    0000000180009e50 f   libvcruntime:std_type_info.obj
 0001:00008e78       __std_type_info_destroy_list 0000000180009e78 f   libvcruntime:std_type_info.obj
 0001:00008ea4       __vcrt_freefls             0000000180009ea4 f   libvcruntime:per_thread_data.obj
 0001:00008ec4       __vcrt_freeptd             0000000180009ec4 f   libvcruntime:per_thread_data.obj
 0001:00008f14       __vcrt_getptd              0000000180009f14 f   libvcruntime:per_thread_data.obj
 0001:00008f30       __vcrt_getptd_noexit       0000000180009f30 f   libvcruntime:per_thread_data.obj
 0001:00008fe8       __vcrt_initialize_ptd      0000000180009fe8 f   libvcruntime:per_thread_data.obj
 0001:0000903c       __vcrt_uninitialize_ptd    000000018000a03c f   libvcruntime:per_thread_data.obj
 0001:00009060       ?__GetCurrentState@@YAHPEA_KPEAU_xDISPATCHER_CONTEXT@@PEBU_s_FuncInfo@@@Z 000000018000a060 f   libvcruntime:riscehstate.obj
 0001:00009088       ?__GetUnwindTryBlock@@YAHPEA_KPEAU_xDISPATCHER_CONTEXT@@PEBU_s_FuncInfo@@@Z 000000018000a088 f   libvcruntime:riscehstate.obj
 0001:000090b4       ?__SetState@@YAXPEA_KPEAU_xDISPATCHER_CONTEXT@@PEBU_s_FuncInfo@@H@Z 000000018000a0b4 f   libvcruntime:riscehstate.obj
 0001:000090c0       ?__SetUnwindTryBlock@@YAXPEA_KPEAU_xDISPATCHER_CONTEXT@@PEBU_s_FuncInfo@@H@Z 000000018000a0c0 f   libvcruntime:riscehstate.obj
 0001:000090fc       ?__StateFromControlPc@@YAHPEBU_s_FuncInfo@@PEAU_xDISPATCHER_CONTEXT@@@Z 000000018000a0fc f   libvcruntime:riscehstate.obj
 0001:00009104       ?__StateFromIp@@YAHPEBU_s_FuncInfo@@PEAU_xDISPATCHER_CONTEXT@@_K@Z 000000018000a104 f   libvcruntime:riscehstate.obj
 0001:00009170       ??0bad_exception@std@@QEAA@AEBV01@@Z 000000018000a170 f i libvcruntime:frame.obj
 0001:000091b0       ??0bad_exception@std@@QEAA@XZ 000000018000a1b0 f i libvcruntime:frame.obj
 0001:00009b18       ?_CallMemberFunction1@@YAXQEAX00@Z 000000018000ab18 f i libvcruntime:frame.obj
 0001:00009b24       ?_CallMemberFunction2@@YAXQEAX00H@Z 000000018000ab24 f i libvcruntime:frame.obj
 0001:00009b34       __BuildCatchObject         000000018000ab34 f   libvcruntime:frame.obj
 0001:00009bf8       __BuildCatchObjectHelper   000000018000abf8 f   libvcruntime:frame.obj
 0001:00009dfc       __CxxCallCatchBlock        000000018000adfc f   libvcruntime:frame.obj
 0001:00009fe8       __FrameUnwindToState       000000018000afe8 f   libvcruntime:frame.obj
 0001:0000a17c       __InternalCxxFrameHandler  000000018000b17c f   libvcruntime:frame.obj
 0001:0000a3cc       __TypeMatch                000000018000b3cc f   libvcruntime:frame.obj
 0001:0000a510       __vcrt_initialize_locks    000000018000b510 f   libvcruntime:locks.obj
 0001:0000a558       __vcrt_uninitialize_locks  000000018000b558 f   libvcruntime:locks.obj
 0001:0000a768       __vcrt_FlsAlloc            000000018000b768 f   libvcruntime:winapi_downlevel.obj
 0001:0000a7bc       __vcrt_FlsFree             000000018000b7bc f   libvcruntime:winapi_downlevel.obj
 0001:0000a810       __vcrt_FlsGetValue         000000018000b810 f   libvcruntime:winapi_downlevel.obj
 0001:0000a864       __vcrt_FlsSetValue         000000018000b864 f   libvcruntime:winapi_downlevel.obj
 0001:0000a8cc       __vcrt_InitializeCriticalSectionEx 000000018000b8cc f   libvcruntime:winapi_downlevel.obj
 0001:0000a944       __vcrt_initialize_winapi_thunks 000000018000b944 f   libvcruntime:winapi_downlevel.obj
 0001:0000a988       __vcrt_uninitialize_winapi_thunks 000000018000b988 f   libvcruntime:winapi_downlevel.obj
 0001:0000a9c8       __vcrt_initialize_pure_virtual_call_handler 000000018000b9c8 f   libvcruntime:purevirt_data.obj
 0001:0000aa00       _local_unwind              000000018000ba00 f   libvcruntime:_jmpuwind_.obj
 0001:0000aa30       _NLG_Notify                000000018000ba30 f   libvcruntime:_jmpuwind_.obj
 0001:0000aa50       __NLG_Dispatch2            000000018000ba50 f   libvcruntime:_jmpuwind_.obj
 0001:0000aa60       __NLG_Return2              000000018000ba60 f   libvcruntime:_jmpuwind_.obj
 0001:0000aa64       __except_validate_context_record 000000018000ba64 f   libvcruntime:jbcxrval.obj
 0001:0000aab0       _CallSettingFrame          000000018000bab0 f   libvcruntime:handlers.obj
 0001:0000aaf0       __DestructExceptionObject  000000018000baf0 f   libvcruntime:ehhelpers.obj
 0001:0000ab74       ?_CallMemberFunction0@@YAXQEAX0@Z 000000018000bb74 f i libvcruntime:ehhelpers.obj
 0001:0000ab78       _IsExceptionObjectToBeDestroyed 000000018000bb78 f   libvcruntime:ehhelpers.obj
 0001:0000aba8       __AdjustPointer            000000018000bba8 f   libvcruntime:ehhelpers.obj
 0001:0000abcc       __FrameUnwindFilter        000000018000bbcc f   libvcruntime:ehhelpers.obj
 0001:0000b1c4       ??$ensure_buffer_is_big_enough@D@formatting_buffer@__crt_stdio_output@@QEAA_N_K@Z 000000018000c1c4 f i libucrt:output.obj
 0001:0000b26c       ??$ensure_buffer_is_big_enough@_W@formatting_buffer@__crt_stdio_output@@QEAA_N_K@Z 000000018000c26c f i libucrt:output.obj
 0001:0000b318       ??$is_wide_character_specifier@_W@__crt_stdio_output@@YA_N_K_WW4length_modifier@0@@Z 000000018000c318 f i libucrt:output.obj
 0001:0000b358       ??$type_case_integer_parse_into_buffer@I@?$output_processor@DV?$string_output_adapter@D@__crt_stdio_output@@V?$standard_base@DV?$string_output_adapter@D@__crt_stdio_output@@@2@@__crt_stdio_output@@AEAAXII_N@Z 000000018000c358 f i libucrt:output.obj
 0001:0000b358       ??$type_case_integer_parse_into_buffer@I@?$output_processor@DV?$string_output_adapter@D@__crt_stdio_output@@V?$format_validation_base@DV?$string_output_adapter@D@__crt_stdio_output@@@2@@__crt_stdio_output@@AEAAXII_N@Z 000000018000c358 f i libucrt:output.obj
 0001:0000b3e0       ??$type_case_integer_parse_into_buffer@I@?$output_processor@_WV?$stream_output_adapter@_W@__crt_stdio_output@@V?$standard_base@_WV?$stream_output_adapter@_W@__crt_stdio_output@@@2@@__crt_stdio_output@@AEAAXII_N@Z 000000018000c3e0 f i libucrt:output.obj
 0001:0000b3e0       ??$type_case_integer_parse_into_buffer@I@?$output_processor@_WV?$string_output_adapter@_W@__crt_stdio_output@@V?$standard_base@_WV?$string_output_adapter@_W@__crt_stdio_output@@@2@@__crt_stdio_output@@AEAAXII_N@Z 000000018000c3e0 f i libucrt:output.obj
 0001:0000b47c       ??$type_case_integer_parse_into_buffer@_K@?$output_processor@DV?$string_output_adapter@D@__crt_stdio_output@@V?$format_validation_base@DV?$string_output_adapter@D@__crt_stdio_output@@@2@@__crt_stdio_output@@AEAAX_KI_N@Z 000000018000c47c f i libucrt:output.obj
 0001:0000b47c       ??$type_case_integer_parse_into_buffer@_K@?$output_processor@DV?$string_output_adapter@D@__crt_stdio_output@@V?$standard_base@DV?$string_output_adapter@D@__crt_stdio_output@@@2@@__crt_stdio_output@@AEAAX_KI_N@Z 000000018000c47c f i libucrt:output.obj
 0001:0000b50c       ??$type_case_integer_parse_into_buffer@_K@?$output_processor@_WV?$stream_output_adapter@_W@__crt_stdio_output@@V?$standard_base@_WV?$stream_output_adapter@_W@__crt_stdio_output@@@2@@__crt_stdio_output@@AEAAX_KI_N@Z 000000018000c50c f i libucrt:output.obj
 0001:0000b50c       ??$type_case_integer_parse_into_buffer@_K@?$output_processor@_WV?$string_output_adapter@_W@__crt_stdio_output@@V?$standard_base@_WV?$string_output_adapter@_W@__crt_stdio_output@@@2@@__crt_stdio_output@@AEAAX_KI_N@Z 000000018000c50c f i libucrt:output.obj
 0001:0000b5ac       ??$write_multiple_characters@V?$stream_output_adapter@_W@__crt_stdio_output@@D@__crt_stdio_output@@YAXAEBV?$stream_output_adapter@_W@0@DHQEAH@Z 000000018000c5ac f i libucrt:output.obj
 0001:0000b638       ??$write_multiple_characters@V?$string_output_adapter@D@__crt_stdio_output@@D@__crt_stdio_output@@YAXAEBV?$string_output_adapter@D@0@DHQEAH@Z 000000018000c638 f i libucrt:output.obj
 0001:0000b694       ??$write_multiple_characters@V?$string_output_adapter@_W@__crt_stdio_output@@D@__crt_stdio_output@@YAXAEBV?$string_output_adapter@_W@0@DHQEAH@Z 000000018000c694 f i libucrt:output.obj
 0001:0000b704       ??0_LocaleUpdate@@QEAA@QEAU__crt_locale_pointers@@@Z 000000018000c704 f i libucrt:output.obj
 0001:0000b8c8       ?force_decimal_point@__crt_stdio_output@@YAXPEADQEAU__crt_locale_pointers@@@Z 000000018000c8c8 f i libucrt:output.obj
 0001:0000b938       ?parse_int_from_format_string@?$output_processor@DV?$string_output_adapter@D@__crt_stdio_output@@V?$standard_base@DV?$string_output_adapter@D@__crt_stdio_output@@@2@@__crt_stdio_output@@AEAA_NQEAH@Z 000000018000c938 f i libucrt:output.obj
 0001:0000b938       ?parse_int_from_format_string@?$output_processor@DV?$string_output_adapter@D@__crt_stdio_output@@V?$format_validation_base@DV?$string_output_adapter@D@__crt_stdio_output@@@2@@__crt_stdio_output@@AEAA_NQEAH@Z 000000018000c938 f i libucrt:output.obj
 0001:0000b9dc       ?parse_int_from_format_string@?$output_processor@_WV?$string_output_adapter@_W@__crt_stdio_output@@V?$standard_base@_WV?$string_output_adapter@_W@__crt_stdio_output@@@2@@__crt_stdio_output@@AEAA_NQEAH@Z 000000018000c9dc f i libucrt:output.obj
 0001:0000b9dc       ?parse_int_from_format_string@?$output_processor@_WV?$stream_output_adapter@_W@__crt_stdio_output@@V?$standard_base@_WV?$stream_output_adapter@_W@__crt_stdio_output@@@2@@__crt_stdio_output@@AEAA_NQEAH@Z 000000018000c9dc f i libucrt:output.obj
 0001:0000ba80       ?process@?$output_processor@DV?$string_output_adapter@D@__crt_stdio_output@@V?$format_validation_base@DV?$string_output_adapter@D@__crt_stdio_output@@@2@@__crt_stdio_output@@QEAAHXZ 000000018000ca80 f i libucrt:output.obj
 0001:0000bc9c       ?process@?$output_processor@DV?$string_output_adapter@D@__crt_stdio_output@@V?$standard_base@DV?$string_output_adapter@D@__crt_stdio_output@@@2@@__crt_stdio_output@@QEAAHXZ 000000018000cc9c f i libucrt:output.obj
 0001:0000bea4       ?process@?$output_processor@_WV?$stream_output_adapter@_W@__crt_stdio_output@@V?$standard_base@_WV?$stream_output_adapter@_W@__crt_stdio_output@@@2@@__crt_stdio_output@@QEAAHXZ 000000018000cea4 f i libucrt:output.obj
 0001:0000c114       ?process@?$output_processor@_WV?$string_output_adapter@_W@__crt_stdio_output@@V?$standard_base@_WV?$string_output_adapter@_W@__crt_stdio_output@@@2@@__crt_stdio_output@@QEAAHXZ 000000018000d114 f i libucrt:output.obj
 0001:0000c37c       ?state_case_normal@?$output_processor@DV?$string_output_adapter@D@__crt_stdio_output@@V?$standard_base@DV?$string_output_adapter@D@__crt_stdio_output@@@2@@__crt_stdio_output@@AEAA_NXZ 000000018000d37c f i libucrt:output.obj
 0001:0000c37c       ?state_case_normal@?$output_processor@DV?$string_output_adapter@D@__crt_stdio_output@@V?$format_validation_base@DV?$string_output_adapter@D@__crt_stdio_output@@@2@@__crt_stdio_output@@AEAA_NXZ 000000018000d37c f i libucrt:output.obj
 0001:0000c3f0       ?state_case_normal_tchar@?$output_processor@DV?$string_output_adapter@D@__crt_stdio_output@@V?$standard_base@DV?$string_output_adapter@D@__crt_stdio_output@@@2@@__crt_stdio_output@@AEAA_ND@Z 000000018000d3f0 f i libucrt:output.obj
 0001:0000c3f0       ?state_case_normal_tchar@?$output_processor@DV?$string_output_adapter@D@__crt_stdio_output@@V?$format_validation_base@DV?$string_output_adapter@D@__crt_stdio_output@@@2@@__crt_stdio_output@@AEAA_ND@Z 000000018000d3f0 f i libucrt:output.obj
 0001:0000c488       ?state_case_size@?$output_processor@DV?$string_output_adapter@D@__crt_stdio_output@@V?$standard_base@DV?$string_output_adapter@D@__crt_stdio_output@@@2@@__crt_stdio_output@@AEAA_NXZ 000000018000d488 f i libucrt:output.obj
 0001:0000c488       ?state_case_size@?$output_processor@DV?$string_output_adapter@D@__crt_stdio_output@@V?$format_validation_base@DV?$string_output_adapter@D@__crt_stdio_output@@@2@@__crt_stdio_output@@AEAA_NXZ 000000018000d488 f i libucrt:output.obj
 0001:0000c604       ?state_case_size@?$output_processor@_WV?$stream_output_adapter@_W@__crt_stdio_output@@V?$standard_base@_WV?$stream_output_adapter@_W@__crt_stdio_output@@@2@@__crt_stdio_output@@AEAA_NXZ 000000018000d604 f i libucrt:output.obj
 0001:0000c7a8       ?state_case_size@?$output_processor@_WV?$string_output_adapter@_W@__crt_stdio_output@@V?$standard_base@_WV?$string_output_adapter@_W@__crt_stdio_output@@@2@@__crt_stdio_output@@AEAA_NXZ 000000018000d7a8 f i libucrt:output.obj
 0001:0000c94c       ?state_case_type@?$output_processor@DV?$string_output_adapter@D@__crt_stdio_output@@V?$format_validation_base@DV?$string_output_adapter@D@__crt_stdio_output@@@2@@__crt_stdio_output@@AEAA_NXZ 000000018000d94c f i libucrt:output.obj
 0001:0000c94c       ?state_case_type@?$output_processor@DV?$string_output_adapter@D@__crt_stdio_output@@V?$standard_base@DV?$string_output_adapter@D@__crt_stdio_output@@@2@@__crt_stdio_output@@AEAA_NXZ 000000018000d94c f i libucrt:output.obj
 0001:0000cbc0       ?state_case_type@?$output_processor@_WV?$stream_output_adapter@_W@__crt_stdio_output@@V?$standard_base@_WV?$stream_output_adapter@_W@__crt_stdio_output@@@2@@__crt_stdio_output@@AEAA_NXZ 000000018000dbc0 f i libucrt:output.obj
 0001:0000ceac       ?state_case_type@?$output_processor@_WV?$string_output_adapter@_W@__crt_stdio_output@@V?$standard_base@_WV?$string_output_adapter@_W@__crt_stdio_output@@@2@@__crt_stdio_output@@AEAA_NXZ 000000018000deac f i libucrt:output.obj
 0001:0000d188       ?type_case_Z@?$output_processor@DV?$string_output_adapter@D@__crt_stdio_output@@V?$format_validation_base@DV?$string_output_adapter@D@__crt_stdio_output@@@2@@__crt_stdio_output@@AEAA_NXZ 000000018000e188 f i libucrt:output.obj
 0001:0000d188       ?type_case_Z@?$output_processor@DV?$string_output_adapter@D@__crt_stdio_output@@V?$standard_base@DV?$string_output_adapter@D@__crt_stdio_output@@@2@@__crt_stdio_output@@AEAA_NXZ 000000018000e188 f i libucrt:output.obj
 0001:0000d208       ?type_case_Z@?$output_processor@_WV?$string_output_adapter@_W@__crt_stdio_output@@V?$standard_base@_WV?$string_output_adapter@_W@__crt_stdio_output@@@2@@__crt_stdio_output@@AEAA_NXZ 000000018000e208 f i libucrt:output.obj
 0001:0000d208       ?type_case_Z@?$output_processor@_WV?$stream_output_adapter@_W@__crt_stdio_output@@V?$standard_base@_WV?$stream_output_adapter@_W@__crt_stdio_output@@@2@@__crt_stdio_output@@AEAA_NXZ 000000018000e208 f i libucrt:output.obj
 0001:0000d288       ?type_case_a@?$output_processor@DV?$string_output_adapter@D@__crt_stdio_output@@V?$standard_base@DV?$string_output_adapter@D@__crt_stdio_output@@@2@@__crt_stdio_output@@AEAA_NXZ 000000018000e288 f i libucrt:output.obj
 0001:0000d288       ?type_case_a@?$output_processor@DV?$string_output_adapter@D@__crt_stdio_output@@V?$format_validation_base@DV?$string_output_adapter@D@__crt_stdio_output@@@2@@__crt_stdio_output@@AEAA_NXZ 000000018000e288 f i libucrt:output.obj
 0001:0000d4a0       ?type_case_a@?$output_processor@_WV?$stream_output_adapter@_W@__crt_stdio_output@@V?$standard_base@_WV?$stream_output_adapter@_W@__crt_stdio_output@@@2@@__crt_stdio_output@@AEAA_NXZ 000000018000e4a0 f i libucrt:output.obj
 0001:0000d4a0       ?type_case_a@?$output_processor@_WV?$string_output_adapter@_W@__crt_stdio_output@@V?$standard_base@_WV?$string_output_adapter@_W@__crt_stdio_output@@@2@@__crt_stdio_output@@AEAA_NXZ 000000018000e4a0 f i libucrt:output.obj
 0001:0000d6e0       ?type_case_c_tchar@?$output_processor@DV?$string_output_adapter@D@__crt_stdio_output@@V?$format_validation_base@DV?$string_output_adapter@D@__crt_stdio_output@@@2@@__crt_stdio_output@@AEAA_ND@Z 000000018000e6e0 f i libucrt:output.obj
 0001:0000d6e0       ?type_case_c_tchar@?$output_processor@DV?$string_output_adapter@D@__crt_stdio_output@@V?$standard_base@DV?$string_output_adapter@D@__crt_stdio_output@@@2@@__crt_stdio_output@@AEAA_ND@Z 000000018000e6e0 f i libucrt:output.obj
 0001:0000d7ac       ?type_case_c_tchar@?$output_processor@_WV?$stream_output_adapter@_W@__crt_stdio_output@@V?$standard_base@_WV?$stream_output_adapter@_W@__crt_stdio_output@@@2@@__crt_stdio_output@@AEAA_N_W@Z 000000018000e7ac f i libucrt:output.obj
 0001:0000d7ac       ?type_case_c_tchar@?$output_processor@_WV?$string_output_adapter@_W@__crt_stdio_output@@V?$standard_base@_WV?$string_output_adapter@_W@__crt_stdio_output@@@2@@__crt_stdio_output@@AEAA_N_W@Z 000000018000e7ac f i libucrt:output.obj
 0001:0000d854       ?type_case_integer@?$output_processor@DV?$string_output_adapter@D@__crt_stdio_output@@V?$format_validation_base@DV?$string_output_adapter@D@__crt_stdio_output@@@2@@__crt_stdio_output@@AEAA_NI_N@Z 000000018000e854 f i libucrt:output.obj
 0001:0000d854       ?type_case_integer@?$output_processor@DV?$string_output_adapter@D@__crt_stdio_output@@V?$standard_base@DV?$string_output_adapter@D@__crt_stdio_output@@@2@@__crt_stdio_output@@AEAA_NI_N@Z 000000018000e854 f i libucrt:output.obj
 0001:0000da18       ?type_case_integer@?$output_processor@_WV?$stream_output_adapter@_W@__crt_stdio_output@@V?$standard_base@_WV?$stream_output_adapter@_W@__crt_stdio_output@@@2@@__crt_stdio_output@@AEAA_NI_N@Z 000000018000ea18 f i libucrt:output.obj
 0001:0000da18       ?type_case_integer@?$output_processor@_WV?$string_output_adapter@_W@__crt_stdio_output@@V?$standard_base@_WV?$string_output_adapter@_W@__crt_stdio_output@@@2@@__crt_stdio_output@@AEAA_NI_N@Z 000000018000ea18 f i libucrt:output.obj
 0001:0000dbe4       ?type_case_n@?$output_processor@_WV?$string_output_adapter@_W@__crt_stdio_output@@V?$standard_base@_WV?$string_output_adapter@_W@__crt_stdio_output@@@2@@__crt_stdio_output@@AEAA_NXZ 000000018000ebe4 f i libucrt:output.obj
 0001:0000dbe4       ?type_case_n@?$output_processor@DV?$string_output_adapter@D@__crt_stdio_output@@V?$format_validation_base@DV?$string_output_adapter@D@__crt_stdio_output@@@2@@__crt_stdio_output@@AEAA_NXZ 000000018000ebe4 f i libucrt:output.obj
 0001:0000dbe4       ?type_case_n@?$output_processor@_WV?$stream_output_adapter@_W@__crt_stdio_output@@V?$standard_base@_WV?$stream_output_adapter@_W@__crt_stdio_output@@@2@@__crt_stdio_output@@AEAA_NXZ 000000018000ebe4 f i libucrt:output.obj
 0001:0000dbe4       ?type_case_n@?$output_processor@DV?$string_output_adapter@D@__crt_stdio_output@@V?$standard_base@DV?$string_output_adapter@D@__crt_stdio_output@@@2@@__crt_stdio_output@@AEAA_NXZ 000000018000ebe4 f i libucrt:output.obj
 0001:0000dcc0       ?type_case_s@?$output_processor@DV?$string_output_adapter@D@__crt_stdio_output@@V?$standard_base@DV?$string_output_adapter@D@__crt_stdio_output@@@2@@__crt_stdio_output@@AEAA_NXZ 000000018000ecc0 f i libucrt:output.obj
 0001:0000dcc0       ?type_case_s@?$output_processor@DV?$string_output_adapter@D@__crt_stdio_output@@V?$format_validation_base@DV?$string_output_adapter@D@__crt_stdio_output@@@2@@__crt_stdio_output@@AEAA_NXZ 000000018000ecc0 f i libucrt:output.obj
 0001:0000dd5c       ?type_case_s@?$output_processor@_WV?$stream_output_adapter@_W@__crt_stdio_output@@V?$standard_base@_WV?$stream_output_adapter@_W@__crt_stdio_output@@@2@@__crt_stdio_output@@AEAA_NXZ 000000018000ed5c f i libucrt:output.obj
 0001:0000dd5c       ?type_case_s@?$output_processor@_WV?$string_output_adapter@_W@__crt_stdio_output@@V?$standard_base@_WV?$string_output_adapter@_W@__crt_stdio_output@@@2@@__crt_stdio_output@@AEAA_NXZ 000000018000ed5c f i libucrt:output.obj
 0001:0000de24       ?write_stored_string_tchar@?$output_processor@DV?$string_output_adapter@D@__crt_stdio_output@@V?$format_validation_base@DV?$string_output_adapter@D@__crt_stdio_output@@@2@@__crt_stdio_output@@AEAA_ND@Z 000000018000ee24 f i libucrt:output.obj
 0001:0000de24       ?write_stored_string_tchar@?$output_processor@DV?$string_output_adapter@D@__crt_stdio_output@@V?$standard_base@DV?$string_output_adapter@D@__crt_stdio_output@@@2@@__crt_stdio_output@@AEAA_ND@Z 000000018000ee24 f i libucrt:output.obj
 0001:0000defc       ?write_stored_string_tchar@?$output_processor@_WV?$stream_output_adapter@_W@__crt_stdio_output@@V?$standard_base@_WV?$stream_output_adapter@_W@__crt_stdio_output@@@2@@__crt_stdio_output@@AEAA_N_W@Z 000000018000eefc f i libucrt:output.obj
 0001:0000e004       ?write_stored_string_tchar@?$output_processor@_WV?$string_output_adapter@_W@__crt_stdio_output@@V?$standard_base@_WV?$string_output_adapter@_W@__crt_stdio_output@@@2@@__crt_stdio_output@@AEAA_N_W@Z 000000018000f004 f i libucrt:output.obj
 0001:0000e0f4       ?write_string@?$string_output_adapter@D@__crt_stdio_output@@QEBAXQEBDHQEAHAEAV__crt_deferred_errno_cache@@@Z 000000018000f0f4 f i libucrt:output.obj
 0001:0000e198       ?write_string@?$string_output_adapter@_W@__crt_stdio_output@@QEBAXQEB_WHQEAHAEAV__crt_deferred_errno_cache@@@Z 000000018000f198 f i libucrt:output.obj
 0001:0000e240       ?write_string_impl@?$output_adapter_common@_WV?$stream_output_adapter@_W@__crt_stdio_output@@@__crt_stdio_output@@IEBAXQEB_WHQEAHAEAV__crt_deferred_errno_cache@@@Z 000000018000f240 f i libucrt:output.obj
 0001:0000e344       __stdio_common_vfwprintf   000000018000f344 f   libucrt:output.obj
 0001:0000e3d0       __stdio_common_vsnprintf_s 000000018000f3d0 f   libucrt:output.obj
 0001:0000e51c       __stdio_common_vsprintf    000000018000f51c f   libucrt:output.obj
 0001:0000e524       __stdio_common_vswprintf   000000018000f524 f   libucrt:output.obj
 0001:0000e52c       free                       000000018000f52c f   libucrt:free.obj
 0001:0000ef14       ??$ftprintf@PEAU_iobuf@@PEB_WAEBQEB_WAEBQEB_WAEBI@?$__crt_char_traits@_W@@SAH$$QEAPEAU_iobuf@@$$QEAPEB_WAEBQEB_W2AEBI@Z 000000018000ff14 f i libucrt:assert.obj
 0001:0000ef3c       _wassert                   000000018000ff3c f   libucrt:assert.obj
 0001:0000efc0       fwprintf                   000000018000ffc0 f i libucrt:assert.obj
 0001:0000f004       swprintf                   0000000180010004 f i libucrt:assert.obj
 0001:0000f058       __acrt_call_reportfault    0000000180010058 f   libucrt:invalid_parameter.obj
 0001:0000f1b4       __acrt_initialize_invalid_parameter_handler 00000001800101b4 f   libucrt:invalid_parameter.obj
 0001:0000f1bc       _invalid_parameter         00000001800101bc f   libucrt:invalid_parameter.obj
 0001:0000f26c       _invalid_parameter_noinfo  000000018001026c f   libucrt:invalid_parameter.obj
 0001:0000f28c       _invalid_parameter_noinfo_noreturn 000000018001028c f   libucrt:invalid_parameter.obj
 0001:0000f2bc       _invoke_watson             00000001800102bc f   libucrt:invalid_parameter.obj
 0001:0000f304       malloc                     0000000180010304 f   libucrt:malloc.obj
 0001:0000f30c       strncpy_s                  000000018001030c f   libucrt:strncpy_s.obj
 0001:0000f3f0       strncpy                    00000001800103f0 f   libucrt:strncpy.obj
 0001:0000f554       __acrt_initialize_new_handler 0000000180010554 f   libucrt:new_handler.obj
 0001:0000f55c       _callnewh                  000000018001055c f   libucrt:new_handler.obj
 0001:0000f58c       _query_new_handler         000000018001058c f   libucrt:new_handler.obj
 0001:0000f5c0       _seh_filter_dll            00000001800105c0 f   libucrt:exception_filter.obj
 0001:0000f5d4       _seh_filter_exe            00000001800105d4 f   libucrt:exception_filter.obj
 0001:0000f9e0       __acrt_initialize_thread_local_exit_callback 00000001800109e0 f   libucrt:exit.obj
 0001:0000f9e8       _cexit                     00000001800109e8 f   libucrt:exit.obj
 0001:0000f9f8       _exit                      00000001800109f8 f   libucrt:exit.obj
 0001:0000fa04       _is_c_termination_complete 0000000180010a04 f   libucrt:exit.obj
 0001:0000fbc8       __acrt_allocate_buffer_for_argv 0000000180010bc8 f   libucrt:argv_parsing.obj
 0001:0000fc28       _configure_narrow_argv     0000000180010c28 f   libucrt:argv_parsing.obj
 0001:0000ffa4       __dcrt_uninitialize_environments_nolock 0000000180010fa4 f   libucrt:environment_initialization.obj
 0001:0000ffdc       _initialize_narrow_environment 0000000180010fdc f   libucrt:environment_initialization.obj
 0001:0001036c       _crt_atexit                000000018001136c f   libucrt:onexit.obj
 0001:0001037c       _execute_onexit_table      000000018001137c f   libucrt:onexit.obj
 0001:000103b8       _initialize_onexit_table   00000001800113b8 f   libucrt:onexit.obj
 0001:000103f8       _register_onexit_function  00000001800113f8 f   libucrt:onexit.obj
 0001:00010478       __acrt_uninitialize_command_line 0000000180011478 f   libucrt:argv_data.obj
 0001:00010584       __acrt_initialize          0000000180011584 f   libucrt:initialization.obj
 0001:00010598       __acrt_thread_attach       0000000180011598 f   libucrt:initialization.obj
 0001:000105ac       __acrt_thread_detach       00000001800115ac f   libucrt:initialization.obj
 0001:000105bc       __acrt_uninitialize        00000001800115bc f   libucrt:initialization.obj
 0001:000105f4       __acrt_uninitialize_critical 00000001800115f4 f   libucrt:initialization.obj
 0001:00010604       _initterm                  0000000180011604 f   libucrt:initterm.obj
 0001:00010668       _initterm_e                0000000180011668 f   libucrt:initterm.obj
 0001:000106a8       terminate                  00000001800116a8 f   libucrt:terminate.obj
 0001:000106c8       __ascii_strnicmp           00000001800116c8 f   libucrt:strnicmp.obj
 0001:00010724       _strnicmp                  0000000180011724 f   libucrt:strnicmp.obj
 0001:00010724       strnicmp                   0000000180011724 f   libucrt:strnicmp.obj
 0001:00010774       _strnicmp_l                0000000180011774 f   libucrt:strnicmp.obj
 0001:00010850       _strdup                    0000000180011850 f   libucrt:strdup.obj
 0001:00010850       strdup                     0000000180011850 f   libucrt:strdup.obj
 0001:00010ac8       strlwr                     0000000180011ac8 f   libucrt:strlwr.obj
 0001:00010ac8       _strlwr                    0000000180011ac8 f   libucrt:strlwr.obj
 0001:00010b20       _strlwr_s_l                0000000180011b20 f   libucrt:strlwr.obj
 0001:00010b6c       strcpy_s                   0000000180011b6c f   libucrt:strcpy_s.obj
 0001:00010bcc       _free_base                 0000000180011bcc f   libucrt:free_base.obj
 0001:00010c0c       _malloc_base               0000000180011c0c f   libucrt:malloc_base.obj
 0001:00010c6c       abort                      0000000180011c6c f   libucrt:abort.obj
 0001:00010cc4       _calloc_base               0000000180011cc4 f   libucrt:calloc_base.obj
 0001:00010d3c       wcsncmp                    0000000180011d3c f   libucrt:wcsncmp.obj
 0001:00010d68       ??$parse_integer@KV?$c_string_character_source@D@__crt_strtox@@@__crt_strtox@@YAKQEAU__crt_locale_pointers@@V?$c_string_character_source@D@0@H_N@Z 0000000180011d68 f i libucrt:atox.obj
 0001:00011084       ??$parse_integer@KV?$c_string_character_source@_W@__crt_strtox@@@__crt_strtox@@YAKQEAU__crt_locale_pointers@@V?$c_string_character_source@_W@0@H_N@Z 0000000180012084 f i libucrt:atox.obj
 0001:00011760       strncmp                    0000000180012760 f   libucrt:strncmp.obj
 0001:000117e0       isdigit                    00000001800127e0 f i libucrt:_ctype.obj
 0001:00011898       _tolower_l                 0000000180012898 f   libucrt:tolower_toupper.obj
 0001:000119d8       tolower                    00000001800129d8 f   libucrt:tolower_toupper.obj
 0001:00011a04       __acrt_errno_from_os_error 0000000180012a04 f   libucrt:errno.obj
 0001:00011a4c       __acrt_errno_map_os_error  0000000180012a4c f   libucrt:errno.obj
 0001:00011a9c       __doserrno                 0000000180012a9c f   libucrt:errno.obj
 0001:00011abc       _errno                     0000000180012abc f   libucrt:errno.obj
 0001:00011adc       strtol                     0000000180012adc f   libucrt:strtox.obj
 0001:00011b08       wcstol                     0000000180012b08 f   libucrt:strtox.obj
 0001:00011b34       _mbtowc_l                  0000000180012b34 f   libucrt:mbtowc.obj
 0001:00011c7c       mbtowc                     0000000180012c7c f   libucrt:mbtowc.obj
 0001:00011c84       _wctomb_s_l                0000000180012c84 f   libucrt:wctomb.obj
 0001:00011e08       wctomb_s                   0000000180012e08 f   libucrt:wctomb.obj
 0001:00011e1c       strnlen                    0000000180012e1c f   libucrt:strnlen.obj
 0001:00011f60       wcsnlen                    0000000180012f60 f   libucrt:strnlen.obj
 0001:000124a0       __acrt_freeptd             00000001800134a0 f   libucrt:per_thread_data.obj
 0001:000124e4       __acrt_getptd              00000001800134e4 f   libucrt:per_thread_data.obj
 0001:000125b0       __acrt_getptd_head         00000001800135b0 f   libucrt:per_thread_data.obj
 0001:00012658       __acrt_getptd_noexit       0000000180013658 f   libucrt:per_thread_data.obj
 0001:00012728       __acrt_initialize_ptd      0000000180013728 f   libucrt:per_thread_data.obj
 0001:00012764       __acrt_uninitialize_ptd    0000000180013764 f   libucrt:per_thread_data.obj
 0001:00012788       __acrt_update_locale_info  0000000180013788 f   libucrt:locale_update.obj
 0001:000127bc       __acrt_update_multibyte_info 00000001800137bc f   libucrt:locale_update.obj
 0001:000131ac       __acrt_fp_format           00000001800141ac f   libucrt:cvt.obj
 0001:00013434       _fputwc_nolock             0000000180014434 f   libucrt:fputwc.obj
 0001:000135ac       _fileno                    00000001800145ac f   libucrt:fileno.obj
 0001:000135d4       __acrt_initialize_stdio    00000001800145d4 f   libucrt:_file.obj
 0001:000136f4       __acrt_iob_func            00000001800146f4 f   libucrt:_file.obj
 0001:00013708       __acrt_uninitialize_stdio  0000000180014708 f   libucrt:_file.obj
 0001:00013764       _lock_file                 0000000180014764 f   libucrt:_file.obj
 0001:00013770       _unlock_file               0000000180014770 f   libucrt:_file.obj
 0001:0001377c       _fputc_nolock              000000018001477c f   libucrt:fputc.obj
 0001:00013794       _get_printf_count_output   0000000180014794 f   libucrt:printf_count_output.obj
 0001:000137ac       __acrt_stdio_begin_temporary_buffering_nolock 00000001800147ac f   libucrt:_sftbuf.obj
 0001:0001387c       __acrt_stdio_end_temporary_buffering_nolock 000000018001487c f   libucrt:_sftbuf.obj
 0001:00013928       __acrt_set_locale_changed  0000000180014928 f   libucrt:wsetlocale.obj
 0001:00013934       __acrt_uninitialize_locale 0000000180014934 f   libucrt:wsetlocale.obj
 0001:00013b4c       __acrt_initialize_lowio    0000000180014b4c f   libucrt:ioinit.obj
 0001:00013b88       __acrt_uninitialize_lowio  0000000180014b88 f   libucrt:ioinit.obj
 0001:00013bc8       _query_app_type            0000000180014bc8 f   libucrt:report_runtime_error.obj
 0001:00013ce4       _itow_s                    0000000180014ce4 f   libucrt:xtoa.obj
 0001:00013d04       _set_error_mode            0000000180014d04 f   libucrt:set_error_mode.obj
 0001:00013d44       wcscat_s                   0000000180014d44 f   libucrt:wcscat_s.obj
 0001:00013dc4       wcscpy_s                   0000000180014dc4 f   libucrt:wcscpy_s.obj
 0001:00013e2c       wcsncat_s                  0000000180014e2c f   libucrt:wcsncat_s.obj
 0001:00013f2c       __acrt_show_wide_message_box 0000000180014f2c f   libucrt:crtmbox.obj
 0001:000141f4       __acrt_stdio_flush_nolock  00000001800151f4 f   libucrt:fflush.obj
 0001:00014270       _fflush_nolock             0000000180015270 f   libucrt:fflush.obj
 0001:000142bc       _flushall                  00000001800152bc f   libucrt:fflush.obj
 0001:000142c4       fflush                     00000001800152c4 f   libucrt:fflush.obj
 0001:0001445c       setvbuf                    000000018001545c f   libucrt:setvbuf.obj
 0001:00014540       __acrt_get_sigabrt_handler 0000000180015540 f   libucrt:signal.obj
 0001:00014570       __acrt_initialize_signal_handlers 0000000180015570 f   libucrt:signal.obj
 0001:00014590       raise                      0000000180015590 f   libucrt:signal.obj
 0001:00014804       __acrt_initialize_locks    0000000180015804 f   libucrt:locks.obj
 0001:0001484c       __acrt_lock                000000018001584c f   libucrt:locks.obj
 0001:00014868       __acrt_uninitialize_locks  0000000180015868 f   libucrt:locks.obj
 0001:000148a0       __acrt_unlock              00000001800158a0 f   libucrt:locks.obj
 0001:000148bc       __acrt_get_developer_information_policy 00000001800158bc f   libucrt:win_policies.obj
 0001:00014910       __acrt_get_process_end_policy 0000000180015910 f   libucrt:win_policies.obj
 0001:0001494c       __acrt_get_windowing_model_policy 000000018001594c f   libucrt:win_policies.obj
 0001:00014f1c       __acrt_expand_narrow_argv_wildcards 0000000180015f1c f   libucrt:argv_wildcards.obj
 0001:00015664       __acrt_initialize_multibyte 0000000180016664 f   libucrt:mbctype.obj
 0001:000156c4       __acrt_update_thread_multibyte_data 00000001800166c4 f   libucrt:mbctype.obj
 0001:000156e0       _setmbcp_nolock            00000001800166e0 f   libucrt:mbctype.obj
 0001:00015a18       _ismbblead                 0000000180016a18 f   libucrt:ismbbyte.obj
 0001:00015a2c       __acrt_initialize_command_line 0000000180016a2c f   libucrt:argv_data.obj
 0001:00015a54       __dcrt_get_narrow_environment_from_os 0000000180016a54 f   libucrt:get_environment_from_os.obj
 0001:00015b58       _recalloc                  0000000180016b58 f   libucrt:recalloc.obj
 0001:00015b60       _recalloc_base             0000000180016b60 f   libucrt:recalloc.obj
 0001:00015dd0       __acrt_AppPolicyGetProcessTerminationMethodInternal 0000000180016dd0 f   libucrt:winapi_thunks.obj
 0001:00015e20       __acrt_AppPolicyGetShowDeveloperDiagnosticInternal 0000000180016e20 f   libucrt:winapi_thunks.obj
 0001:00015e70       __acrt_AppPolicyGetWindowingModelInternal 0000000180016e70 f   libucrt:winapi_thunks.obj
 0001:00015ec0       __acrt_FlsAlloc            0000000180016ec0 f   libucrt:winapi_thunks.obj
 0001:00015f08       __acrt_FlsFree             0000000180016f08 f   libucrt:winapi_thunks.obj
 0001:00015f50       __acrt_FlsGetValue         0000000180016f50 f   libucrt:winapi_thunks.obj
 0001:00015f98       __acrt_FlsSetValue         0000000180016f98 f   libucrt:winapi_thunks.obj
 0001:00015fec       __acrt_InitializeCriticalSectionEx 0000000180016fec f   libucrt:winapi_thunks.obj
 0001:00016050       __acrt_LCMapStringEx       0000000180017050 f   libucrt:winapi_thunks.obj
 0001:0001612c       __acrt_LocaleNameToLCID    000000018001712c f   libucrt:winapi_thunks.obj
 0001:0001617c       __acrt_MessageBoxW         000000018001717c f   libucrt:winapi_thunks.obj
 0001:000161f0       __acrt_OutputDebugStringW  00000001800171f0 f   libucrt:winapi_thunks.obj
 0001:000161f8       __acrt_can_show_message_box 00000001800171f8 f   libucrt:winapi_thunks.obj
 0001:00016268       __acrt_get_parent_window   0000000180017268 f   libucrt:winapi_thunks.obj
 0001:000162e4       __acrt_initialize_winapi_thunks 00000001800172e4 f   libucrt:winapi_thunks.obj
 0001:0001632c       __acrt_is_interactive      000000018001732c f   libucrt:winapi_thunks.obj
 0001:000163f4       __acrt_uninitialize_winapi_thunks 00000001800173f4 f   libucrt:winapi_thunks.obj
 0001:00016438       __acrt_initialize_heap     0000000180017438 f   libucrt:heap_handle.obj
 0001:00016454       __acrt_uninitialize_heap   0000000180017454 f   libucrt:heap_handle.obj
 0001:00016460       __acrt_execute_initializers 0000000180017460 f   libucrt:shared_initialization.obj
 0001:000164e0       __acrt_execute_uninitializers 00000001800174e0 f   libucrt:shared_initialization.obj
 0001:0001651c       __acrt_has_user_matherr    000000018001751c f   libucrt:matherr.obj
 0001:0001653c       __acrt_initialize_user_matherr 000000018001753c f   libucrt:matherr.obj
 0001:00016544       __acrt_invoke_user_matherr 0000000180017544 f   libucrt:matherr.obj
 0001:0001688c       __acrt_LCMapStringA        000000018001788c f   libucrt:lcmapstringa.obj
 0001:00016924       _query_new_mode            0000000180017924 f   libucrt:new_mode.obj
 0001:0001692c       __pctype_func              000000018001792c f   libucrt:ctype.obj
 0001:0001695c       iswctype                   000000018001795c f   libucrt:iswctype.obj
 0001:000169cc       _isctype_l                 00000001800179cc f   libucrt:isctype.obj
 0001:00016adc       _isleadbyte_l              0000000180017adc f i libucrt:_wctype.obj
 0001:00016b1c       __acrt_MultiByteToWideChar 0000000180017b1c f   libucrt:multibytetowidechar.obj
 0001:00016b24       __acrt_WideCharToMultiByte 0000000180017b24 f   libucrt:widechartomultibyte.obj
 0001:00016b2c       __acrt_add_locale_ref      0000000180017b2c f   libucrt:locale_refcounting.obj
 0001:00016bb8       __acrt_free_locale         0000000180017bb8 f   libucrt:locale_refcounting.obj
 0001:00016d30       __acrt_locale_add_lc_time_reference 0000000180017d30 f   libucrt:locale_refcounting.obj
 0001:00016d58       __acrt_locale_free_lc_time_if_unreferenced 0000000180017d58 f   libucrt:locale_refcounting.obj
 0001:00016d90       __acrt_locale_release_lc_time_reference 0000000180017d90 f   libucrt:locale_refcounting.obj
 0001:00016db8       __acrt_release_locale_ref  0000000180017db8 f   libucrt:locale_refcounting.obj
 0001:00016e60       __acrt_update_thread_locale_data 0000000180017e60 f   libucrt:locale_refcounting.obj
 0001:00016ed0       _updatetlocinfoEx_nolock   0000000180017ed0 f   libucrt:locale_refcounting.obj
 0001:00016f38       __acrt_fp_strflt_to_string 0000000180017f38 f   libucrt:_fptostr.obj
 0001:00017000       ?divide@__crt_strtox@@YA_KAEAUbig_integer@1@AEBU21@@Z 0000000180018000 f i libucrt:cfout.obj
 0001:00017494       __acrt_fltout              0000000180018494 f   libucrt:cfout.obj
 0001:00018a34       __acrt_stdio_flush_and_write_narrow_nolock 0000000180019a34 f   libucrt:_flsbuf.obj
 0001:00018b1c       __acrt_stdio_flush_and_write_wide_nolock 0000000180019b1c f   libucrt:_flsbuf.obj
 0001:00018c08       _fcloseall                 0000000180019c08 f   libucrt:closeall.obj
 0001:00018cbc       __acrt_stdio_free_buffer_nolock 0000000180019cbc f   libucrt:_freebuf.obj
 0001:00018cfc       _isatty                    0000000180019cfc f   libucrt:isatty.obj
 0001:00018d5c       __acrt_locale_free_monetary 0000000180019d5c f   libucrt:initmon.obj
 0001:00018e68       __acrt_locale_free_numeric 0000000180019e68 f   libucrt:initnum.obj
 0001:00018f28       __acrt_locale_free_time    0000000180019f28 f   libucrt:inittime.obj
 0001:00019030       __acrt_GetStringTypeA      000000018001a030 f   libucrt:getstringtypea.obj
 0001:000191c0       __acrt_lowio_create_handle_array 000000018001a1c0 f   libucrt:osfinfo.obj
 0001:00019258       __acrt_lowio_destroy_handle_array 000000018001a258 f   libucrt:osfinfo.obj
 0001:000192a8       __acrt_lowio_ensure_fh_exists 000000018001a2a8 f   libucrt:osfinfo.obj
 0001:00019350       __acrt_lowio_lock_fh       000000018001a350 f   libucrt:osfinfo.obj
 0001:00019374       __acrt_lowio_unlock_fh     000000018001a374 f   libucrt:osfinfo.obj
 0001:00019398       _free_osfhnd               000000018001a398 f   libucrt:osfinfo.obj
 0001:00019454       _get_osfhandle             000000018001a454 f   libucrt:osfinfo.obj
 0001:00019558       _commit                    000000018001a558 f   libucrt:commit.obj
 0001:00019ba4       _write                     000000018001aba4 f   libucrt:write.obj
 0001:00019c90       _write_nolock              000000018001ac90 f   libucrt:write.obj
 0001:00019fe0       qsort                      000000018001afe0 f   libucrt:qsort.obj
 0001:0001a430       strpbrk                    000000018001b430 f   libucrt:strpbrk.obj
 0001:0001a810       _mbsdec                    000000018001b810 f   libucrt:mbsdec.obj
 0001:0001a818       _mbsdec_l                  000000018001b818 f   libucrt:mbsdec.obj
 0001:0001a8c0       _msize                     000000018001b8c0 f   libucrt:msize.obj
 0001:0001a8c8       _msize_base                000000018001b8c8 f   libucrt:msize.obj
 0001:0001a904       _realloc_base              000000018001b904 f   libucrt:realloc_base.obj
 0001:0001aa4c       __acrt_DownlevelLocaleNameToLCID 000000018001ba4c f   libucrt:lcidtoname_downlevel.obj
 0001:0001aa80       __strncnt                  000000018001ba80 f   libucrt:strncnt.obj
 0001:0001aa98       __acrt_GetStringTypeW      000000018001ba98 f   libucrt:getstringtypew.obj
 0001:0001aaa0       fegetenv                   000000018001baa0 f   libucrt:fegetenv.obj
 0001:0001aac0       fesetenv                   000000018001bac0 f   libucrt:fesetenv.obj
 0001:0001ab10       feholdexcept               000000018001bb10 f   libucrt:feholdexcept.obj
 0001:0001ab60       ceil                       000000018001bb60 f   libucrt:ceil.obj
 0001:0001ac30       log10                      000000018001bc30 f   libucrt:log10.obj
 0001:0001b368       _lseeki64                  000000018001c368 f   libucrt:lseek.obj
 0001:0001b370       _lseeki64_nolock           000000018001c370 f   libucrt:lseek.obj
 0001:0001b378       __acrt_stdio_allocate_buffer_nolock 000000018001c378 f   libucrt:_getbuf.obj
 0001:0001b3dc       _fclose_nolock             000000018001c3dc f   libucrt:fclose.obj
 0001:0001b460       fclose                     000000018001c460 f   libucrt:fclose.obj
 0001:0001b4c4       _putwch_nolock             000000018001c4c4 f   libucrt:putwch.obj
 0001:0001b500       __acrt_fenv_get_control    000000018001c500 f   libucrt:_fenvutils.obj
 0001:0001b600       __acrt_fenv_get_status     000000018001c600 f   libucrt:_fenvutils.obj
 0001:0001b658       __acrt_fenv_set_control    000000018001c658 f   libucrt:_fenvutils.obj
 0001:0001b7a0       __acrt_fenv_set_status     000000018001c7a0 f   libucrt:_fenvutils.obj
 0001:0001b824       _clearfp                   000000018001c824 f   libucrt:ieee.obj
 0001:0001b9b8       _handle_error              000000018001c9b8 f   libucrt:libm_error.obj
 0001:0001bae0       _handle_nan                000000018001cae0 f   libucrt:libm_error.obj
 0001:0001bb00       __acrt_initialize_fma3     000000018001cb00 f   libucrt:fma3_available.obj
 0001:0001bb70       _log10_special             000000018001cb70 f   libucrt:log_special.obj
 0001:0001bc9c       _close                     000000018001cc9c f   libucrt:close.obj
 0001:0001bd40       _close_nolock              000000018001cd40 f   libucrt:close.obj
 0001:0001bdfc       ?__acrt_stdio_free_stream@@YAXV__crt_stdio_stream@@@Z 000000018001cdfc f   libucrt:stream.obj
 0001:0001be18       __dcrt_lowio_ensure_console_output_initialized 000000018001ce18 f   libucrt:initcon.obj
 0001:0001be6c       __dcrt_terminate_console_output 000000018001ce6c f   libucrt:initcon.obj
 0001:0001be88       __dcrt_write_console_w     000000018001ce88 f   libucrt:initcon.obj
 0001:0001bf60       _get_fpsr                  000000018001cf60 f   libucrt:fpsr.obj
 0001:0001bf70       _set_fpsr                  000000018001cf70 f   libucrt:fpsr.obj
 0001:0001bf7a       _fclrf                     000000018001cf7a f   libucrt:fpsr.obj
 0001:0001bf8e       _frnd                      000000018001cf8e f   libucrt:fpsr.obj
 0001:0001bfb0       _raise_exc                 000000018001cfb0 f   libucrt:fpexcept.obj
 0001:0001bfd8       _raise_exc_ex              000000018001cfd8 f   libucrt:fpexcept.obj
 0001:0001c2e0       _set_errno_from_matherr    000000018001d2e0 f   libucrt:fpexcept.obj
 0001:0001c310       _clrfp                     000000018001d310 f   libucrt:fpctrl.obj
 0001:0001c330       _ctrlfp                    000000018001d330 f   libucrt:fpctrl.obj
 0001:0001c3ac       _set_statfp                000000018001d3ac f   libucrt:fpctrl.obj
 0001:0001c3cc       _statfp                    000000018001d3cc f   libucrt:fpctrl.obj
 0001:0001c3dd       IsProcessorFeaturePresent  000000018001d3dd f   kernel32:KERNEL32.dll
 0001:0001c3e3       RtlUnwindEx                000000018001d3e3 f   kernel32:KERNEL32.dll
 0001:0001c3ec       __GSHandlerCheck           000000018001d3ec f   LIBCMT:_gshandler_.obj
 0001:0001c40c       __GSHandlerCheckCommon     000000018001d40c f   LIBCMT:_gshandler_.obj
 0001:0001c470       _FindPESection             000000018001d470 f   LIBCMT:pesect.obj
 0001:0001c4c0       _IsNonwritableInCurrentImage 000000018001d4c0 f   LIBCMT:pesect.obj
 0001:0001c510       _ValidateImageBase         000000018001d510 f   LIBCMT:pesect.obj
 0001:0001c550       __chkstk                   000000018001d550 f   LIBCMT:_chkstk_.obj
 0001:0001c550       _alloca_probe              000000018001d550 f   LIBCMT:_chkstk_.obj
 0001:0001c5a4       strrchr                    000000018001d5a4 f   libvcruntime:strrchr.obj
 0001:0001c700       memcmp                     000000018001d700 f   libvcruntime:memcmp.obj
 0001:0001c7c8       __GSHandlerCheck_EH        000000018001d7c8 f   LIBCMT:gshandlereh.obj
 0001:0001c860       _guard_dispatch_icall_nop  000000018001d860 f   LIBCMT:_guard_dispatch_.obj
 0001:0001c880       __guard_ss_verify_failure  000000018001d880 f   LIBCMT:_rfgfailure_.obj
 0001:0001c88b       __guard_ss_verify_failure_rcx 000000018001d88b     LIBCMT:_rfgfailure_.obj
 0001:0001c891       __guard_ss_verify_failure_rdx 000000018001d891     LIBCMT:_rfgfailure_.obj
 0001:0001c897       __guard_ss_verify_failure_r8 000000018001d897     LIBCMT:_rfgfailure_.obj
 0001:0001c89d       __guard_ss_verify_failure_r9 000000018001d89d     LIBCMT:_rfgfailure_.obj
 0001:0001c8a3       __guard_ss_verify_failure_r10 000000018001d8a3     LIBCMT:_rfgfailure_.obj
 0001:0001c8b0       __guard_ss_verify_failure_default 000000018001d8b0 f   LIBCMT:_rfgfailure_.obj
 0001:0001c910       __guard_ss_verify_sp       000000018001d910 f   LIBCMT:_rfgfailure_.obj
 0001:0001c920       __guard_ss_verify_sp_default 000000018001d920 f   LIBCMT:_rfgfailure_.obj
 0002:00000000       __imp_RegQueryValueExA     000000018001f000     advapi32:ADVAPI32.dll
 0002:00000008       __imp_RegQueryInfoKeyA     000000018001f008     advapi32:ADVAPI32.dll
 0002:00000010       __imp_RegOpenKeyExA        000000018001f010     advapi32:ADVAPI32.dll
 0002:00000018       __imp_RegEnumKeyExA        000000018001f018     advapi32:ADVAPI32.dll
 0002:00000020       __imp_RegCloseKey          000000018001f020     advapi32:ADVAPI32.dll
 0002:00000028       \177ADVAPI32_NULL_THUNK_DATA 000000018001f028     advapi32:ADVAPI32.dll
 0002:00000030       __imp_GetCommMask          000000018001f030     kernel32:KERNEL32.dll
 0002:00000038       __imp_ExitThread           000000018001f038     kernel32:KERNEL32.dll
 0002:00000040       __imp_GetModuleHandleA     000000018001f040     kernel32:KERNEL32.dll
 0002:00000048       __imp_GetLastError         000000018001f048     kernel32:KERNEL32.dll
 0002:00000050       __imp_EscapeCommFunction   000000018001f050     kernel32:KERNEL32.dll
 0002:00000058       __imp_CreateFileA          000000018001f058     kernel32:KERNEL32.dll
 0002:00000060       __imp_LoadLibraryA         000000018001f060     kernel32:KERNEL32.dll
 0002:00000068       __imp_GetCommState         000000018001f068     kernel32:KERNEL32.dll
 0002:00000070       __imp_CloseHandle          000000018001f070     kernel32:KERNEL32.dll
 0002:00000078       __imp_WaitForSingleObject  000000018001f078     kernel32:KERNEL32.dll
 0002:00000080       __imp_CreateThread         000000018001f080     kernel32:KERNEL32.dll
 0002:00000088       __imp_GetOverlappedResult  000000018001f088     kernel32:KERNEL32.dll
 0002:00000090       __imp_SetCommMask          000000018001f090     kernel32:KERNEL32.dll
 0002:00000098       __imp_GetProcAddress       000000018001f098     kernel32:KERNEL32.dll
 0002:000000a0       __imp_SleepEx              000000018001f0a0     kernel32:KERNEL32.dll
 0002:000000a8       __imp_CreateEventA         000000018001f0a8     kernel32:KERNEL32.dll
 0002:000000b0       __imp_SetCommTimeouts      000000018001f0b0     kernel32:KERNEL32.dll
 0002:000000b8       __imp_SetCommState         000000018001f0b8     kernel32:KERNEL32.dll
 0002:000000c0       __imp_FlushFileBuffers     000000018001f0c0     kernel32:KERNEL32.dll
 0002:000000c8       __imp_SetFilePointerEx     000000018001f0c8     kernel32:KERNEL32.dll
 0002:000000d0       __imp_WriteFileEx          000000018001f0d0     kernel32:KERNEL32.dll
 0002:000000d8       __imp_GetCommModemStatus   000000018001f0d8     kernel32:KERNEL32.dll
 0002:000000e0       __imp_PurgeComm            000000018001f0e0     kernel32:KERNEL32.dll
 0002:000000e8       __imp_SetLastError         000000018001f0e8     kernel32:KERNEL32.dll
 0002:000000f0       __imp_ReadFileEx           000000018001f0f0     kernel32:KERNEL32.dll
 0002:000000f8       __imp_ReadFile             000000018001f0f8     kernel32:KERNEL32.dll
 0002:00000100       __imp_HeapReAlloc          000000018001f100     kernel32:KERNEL32.dll
 0002:00000108       __imp_HeapSize             000000018001f108     kernel32:KERNEL32.dll
 0002:00000110       __imp_GetConsoleMode       000000018001f110     kernel32:KERNEL32.dll
 0002:00000118       __imp_GetConsoleCP         000000018001f118     kernel32:KERNEL32.dll
 0002:00000120       __imp_SetStdHandle         000000018001f120     kernel32:KERNEL32.dll
 0002:00000128       __imp_GetStringTypeW       000000018001f128     kernel32:KERNEL32.dll
 0002:00000130       __imp_GetProcessHeap       000000018001f130     kernel32:KERNEL32.dll
 0002:00000138       __imp_LCMapStringW         000000018001f138     kernel32:KERNEL32.dll
 0002:00000140       __imp_OutputDebugStringW   000000018001f140     kernel32:KERNEL32.dll
 0002:00000148       __imp_FreeEnvironmentStringsW 000000018001f148     kernel32:KERNEL32.dll
 0002:00000150       __imp_GetEnvironmentStringsW 000000018001f150     kernel32:KERNEL32.dll
 0002:00000158       __imp_GetCommandLineW      000000018001f158     kernel32:KERNEL32.dll
 0002:00000160       __imp_GetCommandLineA      000000018001f160     kernel32:KERNEL32.dll
 0002:00000168       __imp_GetCPInfo            000000018001f168     kernel32:KERNEL32.dll
 0002:00000170       __imp_GetOEMCP             000000018001f170     kernel32:KERNEL32.dll
 0002:00000178       __imp_IsValidCodePage      000000018001f178     kernel32:KERNEL32.dll
 0002:00000180       __imp_FindNextFileA        000000018001f180     kernel32:KERNEL32.dll
 0002:00000188       __imp_FindFirstFileExA     000000018001f188     kernel32:KERNEL32.dll
 0002:00000190       __imp_FindClose            000000018001f190     kernel32:KERNEL32.dll
 0002:00000198       __imp_WriteFile            000000018001f198     kernel32:KERNEL32.dll
 0002:000001a0       __imp_GetACP               000000018001f1a0     kernel32:KERNEL32.dll
 0002:000001a8       __imp_HeapAlloc            000000018001f1a8     kernel32:KERNEL32.dll
 0002:000001b0       __imp_HeapFree             000000018001f1b0     kernel32:KERNEL32.dll
 0002:000001b8       __imp_WideCharToMultiByte  000000018001f1b8     kernel32:KERNEL32.dll
 0002:000001c0       __imp_MultiByteToWideChar  000000018001f1c0     kernel32:KERNEL32.dll
 0002:000001c8       __imp_ExitProcess          000000018001f1c8     kernel32:KERNEL32.dll
 0002:000001d0       __imp_WriteConsoleW        000000018001f1d0     kernel32:KERNEL32.dll
 0002:000001d8       __imp_GetModuleHandleExW   000000018001f1d8     kernel32:KERNEL32.dll
 0002:000001e0       __imp_GetModuleFileNameW   000000018001f1e0     kernel32:KERNEL32.dll
 0002:000001e8       __imp_GetModuleFileNameA   000000018001f1e8     kernel32:KERNEL32.dll
 0002:000001f0       __imp_GetFileType          000000018001f1f0     kernel32:KERNEL32.dll
 0002:000001f8       __imp_GetStdHandle         000000018001f1f8     kernel32:KERNEL32.dll
 0002:00000200       __imp_LoadLibraryExW       000000018001f200     kernel32:KERNEL32.dll
 0002:00000208       __imp_FreeLibrary          000000018001f208     kernel32:KERNEL32.dll
 0002:00000210       __imp_TlsFree              000000018001f210     kernel32:KERNEL32.dll
 0002:00000218       __imp_TlsSetValue          000000018001f218     kernel32:KERNEL32.dll
 0002:00000220       __imp_TlsGetValue          000000018001f220     kernel32:KERNEL32.dll
 0002:00000228       __imp_TlsAlloc             000000018001f228     kernel32:KERNEL32.dll
 0002:00000230       __imp_InitializeCriticalSectionAndSpinCount 000000018001f230     kernel32:KERNEL32.dll
 0002:00000238       __imp_DeleteCriticalSection 000000018001f238     kernel32:KERNEL32.dll
 0002:00000240       __imp_LeaveCriticalSection 000000018001f240     kernel32:KERNEL32.dll
 0002:00000248       __imp_EnterCriticalSection 000000018001f248     kernel32:KERNEL32.dll
 0002:00000250       __imp_EncodePointer        000000018001f250     kernel32:KERNEL32.dll
 0002:00000258       __imp_InterlockedFlushSList 000000018001f258     kernel32:KERNEL32.dll
 0002:00000260       __imp_RaiseException       000000018001f260     kernel32:KERNEL32.dll
 0002:00000268       __imp_RtlPcToFileHeader    000000018001f268     kernel32:KERNEL32.dll
 0002:00000270       __imp_RtlUnwindEx          000000018001f270     kernel32:KERNEL32.dll
 0002:00000278       __imp_InitializeSListHead  000000018001f278     kernel32:KERNEL32.dll
 0002:00000280       __imp_GetSystemTimeAsFileTime 000000018001f280     kernel32:KERNEL32.dll
 0002:00000288       __imp_CreateFileW          000000018001f288     kernel32:KERNEL32.dll
 0002:00000290       __imp_GetCurrentThreadId   000000018001f290     kernel32:KERNEL32.dll
 0002:00000298       __imp_GetCurrentProcessId  000000018001f298     kernel32:KERNEL32.dll
 0002:000002a0       __imp_QueryPerformanceCounter 000000018001f2a0     kernel32:KERNEL32.dll
 0002:000002a8       __imp_GetModuleHandleW     000000018001f2a8     kernel32:KERNEL32.dll
 0002:000002b0       __imp_GetStartupInfoW      000000018001f2b0     kernel32:KERNEL32.dll
 0002:000002b8       __imp_IsDebuggerPresent    000000018001f2b8     kernel32:KERNEL32.dll
 0002:000002c0       __imp_IsProcessorFeaturePresent 000000018001f2c0     kernel32:KERNEL32.dll
 0002:000002c8       __imp_TerminateProcess     000000018001f2c8     kernel32:KERNEL32.dll
 0002:000002d0       __imp_GetCurrentProcess    000000018001f2d0     kernel32:KERNEL32.dll
 0002:000002d8       __imp_SetUnhandledExceptionFilter 000000018001f2d8     kernel32:KERNEL32.dll
 0002:000002e0       __imp_UnhandledExceptionFilter 000000018001f2e0     kernel32:KERNEL32.dll
 0002:000002e8       __imp_RtlVirtualUnwind     000000018001f2e8     kernel32:KERNEL32.dll
 0002:000002f0       __imp_RtlLookupFunctionEntry 000000018001f2f0     kernel32:KERNEL32.dll
 0002:000002f8       __imp_RtlCaptureContext    000000018001f2f8     kernel32:KERNEL32.dll
 0002:00000300       \177KERNEL32_NULL_THUNK_DATA 000000018001f300     kernel32:KERNEL32.dll
 0002:00000308       __imp_SetupDiEnumDeviceInfo 000000018001f308     setupapi:SETUPAPI.dll
 0002:00000310       __imp_SetupDiGetDeviceInstanceIdA 000000018001f310     setupapi:SETUPAPI.dll
 0002:00000318       __imp_SetupDiOpenDevRegKey 000000018001f318     setupapi:SETUPAPI.dll
 0002:00000320       __imp_SetupDiGetClassDevsA 000000018001f320     setupapi:SETUPAPI.dll
 0002:00000328       __imp_SetupDiDestroyDeviceInfoList 000000018001f328     setupapi:SETUPAPI.dll
 0002:00000330       __imp_SetupDiGetDeviceRegistryPropertyA 000000018001f330     setupapi:SETUPAPI.dll
 0002:00000338       \177SETUPAPI_NULL_THUNK_DATA 000000018001f338     setupapi:SETUPAPI.dll
 0002:00000340       __imp_uv_async_init        000000018001f340     iojs:node.dll
 0002:00000348       __imp_uv_async_send        000000018001f348     iojs:node.dll
 0002:00000350       __imp_?Length@Buffer@node@@YA_KV?$Local@VObject@v8@@@v8@@@Z 000000018001f350     iojs:node.dll
 0002:00000358       __imp_?Data@Buffer@node@@YAPEADV?$Local@VObject@v8@@@v8@@@Z 000000018001f358     iojs:node.dll
 0002:00000360       __imp_?HasInstance@Buffer@node@@YA_NV?$Local@VValue@v8@@@v8@@@Z 000000018001f360     iojs:node.dll
 0002:00000368       __imp_uv_close             000000018001f368     iojs:node.dll
 0002:00000370       __imp_?Set@Object@v8@@QEAA?AV?$Maybe@_N@2@V?$Local@VContext@v8@@@2@IV?$Local@VValue@v8@@@2@@Z 000000018001f370     iojs:node.dll
 0002:00000378       __imp_?New@Array@v8@@SA?AV?$Local@VArray@v8@@@2@PEAVIsolate@2@H@Z 000000018001f378     iojs:node.dll
 0002:00000380       __imp_?ToString@Value@v8@@QEBA?AV?$Local@VString@v8@@@2@XZ 000000018001f380     iojs:node.dll
 0002:00000388       __imp_uv_default_loop      000000018001f388     iojs:node.dll
 0002:00000390       __imp_?MakeCallback@node@@YA?AV?$Local@VValue@v8@@@v8@@PEAVIsolate@3@V?$Local@VObject@v8@@@3@V?$Local@VFunction@v8@@@3@HPEAV23@@Z 000000018001f390     iojs:node.dll
 0002:00000398       __imp_node_module_register 000000018001f398     iojs:node.dll
 0002:000003a0       __imp_?New@ObjectTemplate@v8@@SA?AV?$Local@VObjectTemplate@v8@@@2@PEAVIsolate@2@V?$Local@VFunctionTemplate@v8@@@2@@Z 000000018001f3a0     iojs:node.dll
 0002:000003a8       __imp_?NewInstance@ObjectTemplate@v8@@QEAA?AV?$MaybeLocal@VObject@v8@@@2@V?$Local@VContext@v8@@@2@@Z 000000018001f3a8     iojs:node.dll
 0002:000003b0       __imp_?SetInternalFieldCount@ObjectTemplate@v8@@QEAAXH@Z 000000018001f3b0     iojs:node.dll
 0002:000003b8       __imp_?Set@Object@v8@@QEAA?AV?$Maybe@_N@2@V?$Local@VContext@v8@@@2@V?$Local@VValue@v8@@@2@1@Z 000000018001f3b8     iojs:node.dll
 0002:000003c0       __imp_?Set@Object@v8@@QEAA_NV?$Local@VValue@v8@@@2@0@Z 000000018001f3c0     iojs:node.dll
 0002:000003c8       __imp_?Get@Object@v8@@QEAA?AV?$MaybeLocal@VValue@v8@@@2@V?$Local@VContext@v8@@@2@V?$Local@VValue@v8@@@2@@Z 000000018001f3c8     iojs:node.dll
 0002:000003d0       __imp_?Has@Object@v8@@QEAA?AV?$Maybe@_N@2@V?$Local@VContext@v8@@@2@V?$Local@VValue@v8@@@2@@Z 000000018001f3d0     iojs:node.dll
 0002:000003d8       __imp_?SetInternalField@Object@v8@@QEAAXHV?$Local@VValue@v8@@@2@@Z 000000018001f3d8     iojs:node.dll
[...]
 0004:00001374       $pdata$__acrt_locale_free_lc_time_if_unreferenced 0000000180031374     libucrt:locale_refcounting.obj
 0004:00001380       $pdata$__acrt_release_locale_ref 0000000180031380     libucrt:locale_refcounting.obj
 0004:0000138c       $pdata$__acrt_update_thread_locale_data 000000018003138c     libucrt:locale_refcounting.obj
 0004:00001398       $pdata$_updatetlocinfoEx_nolock 0000000180031398     libucrt:locale_refcounting.obj
 0004:000013a4       $pdata$__acrt_fp_strflt_to_string 00000001800313a4     libucrt:_fptostr.obj
 0004:000013b0       $pdata$?divide@__crt_strtox@@YA_KAEAUbig_integer@1@AEBU21@@Z 00000001800313b0     libucrt:cfout.obj
 0004:000013bc       $pdata$5$?divide@__crt_strtox@@YA_KAEAUbig_integer@1@AEBU21@@Z 00000001800313bc     libucrt:cfout.obj
 0004:000013c8       $pdata$6$?divide@__crt_strtox@@YA_KAEAUbig_integer@1@AEBU21@@Z 00000001800313c8     libucrt:cfout.obj
 0004:000013d4       $pdata$__acrt_fltout       00000001800313d4     libucrt:cfout.obj
 0004:000013e0       $pdata$memcpy_s            00000001800313e0     libucrt:cfout.obj
 0004:000013ec       $pdata$??$write_buffer_nolock@D@@YA_NDV__crt_stdio_stream@@@Z 00000001800313ec     libucrt:_flsbuf.obj
 0004:000013f8       $pdata$??$write_buffer_nolock@_W@@YA_N_WV__crt_stdio_stream@@@Z 00000001800313f8     libucrt:_flsbuf.obj
 0004:00001404       $pdata$__acrt_stdio_flush_and_write_narrow_nolock 0000000180031404     libucrt:_flsbuf.obj
 0004:00001410       $pdata$__acrt_stdio_flush_and_write_wide_nolock 0000000180031410     libucrt:_flsbuf.obj
 0004:0000141c       $pdata$_fcloseall          000000018003141c     libucrt:closeall.obj
 0004:00001428       $pdata$__acrt_stdio_free_buffer_nolock 0000000180031428     libucrt:_freebuf.obj
 0004:00001434       $pdata$_isatty             0000000180031434     libucrt:isatty.obj
 0004:00001440       $pdata$__acrt_locale_free_monetary 0000000180031440     libucrt:initmon.obj
 0004:0000144c       $pdata$__acrt_locale_free_numeric 000000018003144c     libucrt:initnum.obj
 0004:00001458       $pdata$?free_crt_array_internal@@YAXQEAPEBX_K@Z 0000000180031458     libucrt:inittime.obj
 0004:00001464       $pdata$__acrt_locale_free_time 0000000180031464     libucrt:inittime.obj
 0004:00001470       $pdata$__acrt_GetStringTypeA 0000000180031470     libucrt:getstringtypea.obj
 0004:0000147c       $pdata$__acrt_lowio_create_handle_array 000000018003147c     libucrt:osfinfo.obj
 0004:00001488       $pdata$__acrt_lowio_destroy_handle_array 0000000180031488     libucrt:osfinfo.obj
 0004:00001494       $pdata$__acrt_lowio_ensure_fh_exists 0000000180031494     libucrt:osfinfo.obj
 0004:000014a0       $pdata$_free_osfhnd        00000001800314a0     libucrt:osfinfo.obj
 0004:000014ac       $pdata$_get_osfhandle      00000001800314ac     libucrt:osfinfo.obj
 0004:000014b8       $pdata$??$?RV<lambda_a37b2b86f63e897a80ea819b0eb08c01>@@AEAV<lambda_38ce7e780aa69e748d6df282ebc68efe>@@V<lambda_99fb1378e971ab6e7edea83e3a7a83a2>@@@?$__crt_seh_guarded_call@H@@QEAAH$$QEAV<lambda_a37b2b86f63e897a80ea819b0eb08c01>@@AEAV<lambda_38ce7e780aa69e748d6df282ebc68efe>@@$$QEAV<lambda_99fb1378e971ab6e7edea83e3a7a83a2>@@@Z 00000001800314b8     libucrt:commit.obj
 0004:000014c4       $pdata$_commit             00000001800314c4     libucrt:commit.obj
 0004:000014d0       $pdata$?write_double_translated_ansi_nolock@@YA?AUwrite_result@?A0x17268360@@HQEBDI@Z 00000001800314d0     libucrt:write.obj
 0004:000014dc       $pdata$?write_text_ansi_nolock@@YA?AUwrite_result@?A0x17268360@@HQEBDI@Z 00000001800314dc     libucrt:write.obj
 0004:000014e8       $pdata$?write_text_utf16le_nolock@@YA?AUwrite_result@?A0x17268360@@HQEBDI@Z 00000001800314e8     libucrt:write.obj
 0004:000014f4       $pdata$?write_text_utf8_nolock@@YA?AUwrite_result@?A0x17268360@@HQEBDI@Z 00000001800314f4     libucrt:write.obj
 0004:00001500       $pdata$_write              0000000180031500     libucrt:write.obj
 0004:0000150c       $pdata$_write_nolock       000000018003150c     libucrt:write.obj
 0004:00001518       $pdata$qsort               0000000180031518     libucrt:qsort.obj
 0004:00001524       $pdata$4$qsort             0000000180031524     libucrt:qsort.obj
 0004:00001530       $pdata$5$qsort             0000000180031530     libucrt:qsort.obj
 0004:0000153c       $pdata$fallbackMethod      000000018003153c     libucrt:strpbrk.obj
 0004:00001548       $pdata$strpbrk             0000000180031548     libucrt:strpbrk.obj
 0004:00001554       $pdata$_mbsdec_l           0000000180031554     libucrt:mbsdec.obj
 0004:00001560       $pdata$?initialize_multibyte@@YAHXZ 0000000180031560     libucrt:multibyte_initializer.obj
 0004:0000156c       $pdata$_msize_base         000000018003156c     libucrt:msize.obj
 0004:00001578       $pdata$_realloc_base       0000000180031578     libucrt:realloc_base.obj
 0004:00001584       $pdata$?GetTableIndexFromLocaleName@@YAHPEB_W@Z 0000000180031584     libucrt:lcidtoname_downlevel.obj
 0004:00001590       $pdata$__acrt_DownlevelLocaleNameToLCID 0000000180031590     libucrt:lcidtoname_downlevel.obj
 0004:0000159c       $pdata$fegetenv            000000018003159c     libucrt:fegetenv.obj
 0004:000015a8       $pdata$fesetenv            00000001800315a8     libucrt:fesetenv.obj
 0004:000015b4       $pdata$feholdexcept        00000001800315b4     libucrt:feholdexcept.obj
 0004:000015cc       $pdata$??$common_lseek@_J@@YA_JH_JH@Z 00000001800315cc     libucrt:lseek.obj
 0004:000015d8       $pdata$??$common_lseek_nolock@_J@@YA_JH_JH@Z 00000001800315d8     libucrt:lseek.obj
 0004:000015e4       $pdata$__acrt_stdio_allocate_buffer_nolock 00000001800315e4     libucrt:_getbuf.obj
 0004:000015f0       $pdata$_fclose_nolock      00000001800315f0     libucrt:fclose.obj
 0004:000015fc       $pdata$fclose              00000001800315fc     libucrt:fclose.obj
 0004:00001608       $pdata$_putwch_nolock      0000000180031608     libucrt:putwch.obj
 0004:00001614       $pdata$__acrt_fenv_set_control 0000000180031614     libucrt:_fenvutils.obj
 0004:00001620       $pdata$_clearfp            0000000180031620     libucrt:ieee.obj
 0004:0000162c       $pdata$_call_matherr       000000018003162c     libucrt:libm_error.obj
 0004:00001638       $pdata$_exception_enabled  0000000180031638     libucrt:libm_error.obj
 0004:00001644       $pdata$_handle_error       0000000180031644     libucrt:libm_error.obj
 0004:00001650       $pdata$__acrt_initialize_fma3 0000000180031650     libucrt:fma3_available.obj
 0004:0000165c       $pdata$_log10_special      000000018003165c     libucrt:log_special.obj
 0004:00001668       $pdata$_log_special_common 0000000180031668     libucrt:log_special.obj
 0004:00001674       $pdata$??$?RV<lambda_751a882b2c74d4b022dec766aa51a29a>@@AEAV<lambda_628dfdc04ba53c8bfc02c9951375f3f5>@@V<lambda_f6c7be5f7998530c34de24c7437d6b54>@@@?$__crt_seh_guarded_call@H@@QEAAH$$QEAV<lambda_751a882b2c74d4b022dec766aa51a29a>@@AEAV<lambda_628dfdc04ba53c8bfc02c9951375f3f5>@@$$QEAV<lambda_f6c7be5f7998530c34de24c7437d6b54>@@@Z 0000000180031674     libucrt:close.obj
 0004:00001680       $pdata$_close              0000000180031680     libucrt:close.obj
 0004:0000168c       $pdata$_close_nolock       000000018003168c     libucrt:close.obj
 0004:00001698       $pdata$__dcrt_lowio_ensure_console_output_initialized 0000000180031698     libucrt:initcon.obj
 0004:000016a4       $pdata$__dcrt_terminate_console_output 00000001800316a4     libucrt:initcon.obj
 0004:000016b0       $pdata$__dcrt_write_console_w 00000001800316b0     libucrt:initcon.obj
 0004:000016c8       $pdata$_raise_exc          00000001800316c8     libucrt:fpexcept.obj
 0004:000016d4       $pdata$_raise_exc_ex       00000001800316d4     libucrt:fpexcept.obj
 0004:000016e0       $pdata$_set_errno_from_matherr 00000001800316e0     libucrt:fpexcept.obj
 0004:000016ec       $pdata$_clrfp              00000001800316ec     libucrt:fpctrl.obj
 0004:000016f8       $pdata$_ctrlfp             00000001800316f8     libucrt:fpctrl.obj
 0004:00001704       $pdata$_set_statfp         0000000180031704     libucrt:fpctrl.obj
 0004:00001710       $pdata$_statfp             0000000180031710     libucrt:fpctrl.obj
 0004:0000171c       $pdata$__GSHandlerCheck    000000018003171c     LIBCMT:_gshandler_.obj
 0004:00001728       $pdata$__GSHandlerCheckCommon 0000000180031728     LIBCMT:_gshandler_.obj
 0004:00001734       $pdata$_IsNonwritableInCurrentImage 0000000180031734     LIBCMT:pesect.obj
 0004:0000174c       $pdata$strrchr             000000018003174c     libvcruntime:strrchr.obj
 0004:00001764       $pdata$__GSHandlerCheck_EH 0000000180031764     LIBCMT:gshandlereh.obj
 0004:000017ac       $pdata$?dtor$1@?0??Open@@YAXAEBV?$FunctionCallbackInfo@VValue@v8@@@Nan@@@Z@4HA 00000001800317ac     serialport.obj
 0004:000017b8       $pdata$?dtor$0@?0??Update@@YAXAEBV?$FunctionCallbackInfo@VValue@v8@@@Nan@@@Z@4HA 00000001800317b8     serialport.obj
 0004:000017c4       $pdata$?dtor$0@?0??Close@@YAXAEBV?$FunctionCallbackInfo@VValue@v8@@@Nan@@@Z@4HA 00000001800317c4     serialport.obj
 0004:000017d0       $pdata$?dtor$0@?0??Flush@@YAXAEBV?$FunctionCallbackInfo@VValue@v8@@@Nan@@@Z@4HA 00000001800317d0     serialport.obj
 0004:000017d0       $pdata$?dtor$0@?0??Drain@@YAXAEBV?$FunctionCallbackInfo@VValue@v8@@@Nan@@@Z@4HA 00000001800317d0     serialport.obj
 0004:000017dc       $pdata$?dtor$0@?0??Set@@YAXAEBV?$FunctionCallbackInfo@VValue@v8@@@Nan@@@Z@4HA 00000001800317dc     serialport.obj
 0004:000017e8       $pdata$?dtor$0@?0??Get@@YAXAEBV?$FunctionCallbackInfo@VValue@v8@@@Nan@@@Z@4HA 00000001800317e8     serialport.obj
 0004:000017e8       $pdata$?dtor$0@?0??GetBaudRate@@YAXAEBV?$FunctionCallbackInfo@VValue@v8@@@Nan@@@Z@4HA 00000001800317e8     serialport.obj
 0004:000017f4       $pdata$?dtor$0@?0??Write@@YAXAEBV?$FunctionCallbackInfo@VValue@v8@@@Nan@@@Z@4HA 00000001800317f4     serialport_win.obj
 0004:00001800       $pdata$?dtor$0@?0??Read@@YAXAEBV?$FunctionCallbackInfo@VValue@v8@@@Nan@@@Z@4HA 0000000180031800     serialport_win.obj
 0004:0000180c       $pdata$?dtor$0@?0??List@@YAXAEBV?$FunctionCallbackInfo@VValue@v8@@@Nan@@@Z@4HA 000000018003180c     serialport_win.obj
 0004:00001818       $pdata$__scrt_is_nonwritable_in_current_image$filt$0 0000000180031818     LIBCMT:utility.obj
 0004:00001824       $pdata$?fin$0@?0??dllmain_crt_process_attach@@YAHQEAUHINSTANCE__@@QEAX@Z@4HA 0000000180031824     LIBCMT:dll_dllmain.obj
 0004:00001830       $pdata$?fin$0@?0??dllmain_crt_process_detach@@YAH_N@Z@4HA 0000000180031830     LIBCMT:dll_dllmain.obj
 0004:0000183c       $pdata$?filt$0@?0??dllmain_dispatch@@YAHQEAUHINSTANCE__@@KQEAX@Z@4HA 000000018003183c     LIBCMT:dll_dllmain.obj
 0004:00001848       $pdata$_CallSETranslator$filt$0 0000000180031848     libvcruntime:risctrnsctrl.obj
 0004:00001854       $pdata$__CxxCallCatchBlock$filt$0 0000000180031854     libvcruntime:frame.obj
 0004:00001860       $pdata$__CxxCallCatchBlock$fin$1 0000000180031860     libvcruntime:frame.obj
 0004:0000186c       $pdata$__FrameUnwindToState$filt$0 000000018003186c     libvcruntime:frame.obj
 0004:00001878       $pdata$__FrameUnwindToState$fin$1 0000000180031878     libvcruntime:frame.obj
 0004:00001884       $pdata$__DestructExceptionObject$filt$0 0000000180031884     libvcruntime:ehhelpers.obj
 0004:00001890       $pdata$?fin$0@?0???$?RV<lambda_c376a267cfb53b6959b3b692ec76b120>@@AEAV<lambda_9a32fed5bf61b6b509b2d3f6003082a1>@@V<lambda_572fbb9fa0ab338edf41edfd4b5fcc8d>@@@?$__crt_seh_guarded_call@H@@QEAAH$$QEAV<lambda_c376a267cfb53b6959b3b692ec76b120>@@AEAV<lambda_9a32fed5bf61b6b509b2d3f6003082a1>@@$$QEAV<lambda_572fbb9fa0ab338edf41edfd4b5fcc8d>@@@Z@4HA 0000000180031890     libucrt:fflush.obj
 0004:00001890       $pdata$?fin$0@?0???$?RV<lambda_842d9ff0dc9ef11c61343bbaebe7f885>@@AEAV<lambda_c5860995281e5c4ce005b3de8f5874ee>@@V<lambda_d90129c13df834fdcbf8d2b88dafcf2d>@@@?$__crt_seh_guarded_call@X@@QEAAX$$QEAV<lambda_842d9ff0dc9ef11c61343bbaebe7f885>@@AEAV<lambda_c5860995281e5c4ce005b3de8f5874ee>@@$$QEAV<lambda_d90129c13df834fdcbf8d2b88dafcf2d>@@@Z@4HA 0000000180031890     libucrt:fflush.obj
 0004:00001890       $pdata$?fin$0@?0???$?RV<lambda_0d412022a4b28cc8a401ea49574e8ae6>@@AEAV<lambda_a775ed57af18ba8e4d5dc780aa9068fe>@@V<lambda_975a71a6baa488a08f4e15f6b0339b9e>@@@?$__crt_seh_guarded_call@H@@QEAAH$$QEAV<lambda_0d412022a4b28cc8a401ea49574e8ae6>@@AEAV<lambda_a775ed57af18ba8e4d5dc780aa9068fe>@@$$QEAV<lambda_975a71a6baa488a08f4e15f6b0339b9e>@@@Z@4HA 0000000180031890     libucrt:output.obj
 0004:00001890       $pdata$?fin$0@?0???$?RV<lambda_84ec643ea9557e2f7dc01bb0e9624395>@@AEAV<lambda_ca71763b3c0644891230e4f79ea54fa6>@@V<lambda_439a761618c59b0600e24586724d733b>@@@?$__crt_seh_guarded_call@H@@QEAAH$$QEAV<lambda_84ec643ea9557e2f7dc01bb0e9624395>@@AEAV<lambda_ca71763b3c0644891230e4f79ea54fa6>@@$$QEAV<lambda_439a761618c59b0600e24586724d733b>@@@Z@4HA 0000000180031890     libucrt:setvbuf.obj
 0004:0000189c       $pdata$_query_new_handler$fin$0 000000018003189c     libucrt:new_handler.obj
 0004:000018a8       $pdata$?fin$0@?0???$?RV<lambda_efdfa57d1f175319df784efa44bb7b81>@@AEAV<lambda_5f0a4c1567f8adc6734073e5d1e1b35c>@@V<lambda_2e8a7d3640ea6ccb4c2413664c2db6fd>@@@?$__crt_seh_guarded_call@X@@QEAAX$$QEAV<lambda_efdfa57d1f175319df784efa44bb7b81>@@AEAV<lambda_5f0a4c1567f8adc6734073e5d1e1b35c>@@$$QEAV<lambda_2e8a7d3640ea6ccb4c2413664c2db6fd>@@@Z@4HA 00000001800318a8     libucrt:mbctype.obj
 0004:000018a8       $pdata$?fin$0@?0???$?RV<lambda_f2e299630e499de9f9a165e60fcd3db5>@@AEAV<lambda_2ae9d31cdba2644fcbeaf08da7c24588>@@V<lambda_40d01ff24d0e7b3814fdbdcee8eab3c7>@@@?$__crt_seh_guarded_call@X@@QEAAX$$QEAV<lambda_f2e299630e499de9f9a165e60fcd3db5>@@AEAV<lambda_2ae9d31cdba2644fcbeaf08da7c24588>@@$$QEAV<lambda_40d01ff24d0e7b3814fdbdcee8eab3c7>@@@Z@4HA 00000001800318a8     libucrt:per_thread_data.obj
 0004:000018a8       $pdata$?fin$0@?0???$?RV<lambda_2d41944a1d46af3157314b8a01080d33>@@AEAV<lambda_8f455de75cd7d7f24b4096f044d8b9e6>@@V<lambda_aa500f224e6afead328df44964fe2772>@@@?$__crt_seh_guarded_call@X@@QEAAX$$QEAV<lambda_2d41944a1d46af3157314b8a01080d33>@@AEAV<lambda_8f455de75cd7d7f24b4096f044d8b9e6>@@$$QEAV<lambda_aa500f224e6afead328df44964fe2772>@@@Z@4HA 00000001800318a8     libucrt:per_thread_data.obj
 0004:000018a8       $pdata$?fin$0@?0???$?RV<lambda_0ae27a3a962d80f24befdcbee591983d>@@AEAV<lambda_8d0ee55de4b1038c4002e0adecdf1839>@@V<lambda_dc504788e8f1664fe9b84e20bfb512f2>@@@?$__crt_seh_guarded_call@X@@QEAAX$$QEAV<lambda_0ae27a3a962d80f24befdcbee591983d>@@AEAV<lambda_8d0ee55de4b1038c4002e0adecdf1839>@@$$QEAV<lambda_dc504788e8f1664fe9b84e20bfb512f2>@@@Z@4HA 00000001800318a8     libucrt:per_thread_data.obj
 0004:000018a8       $pdata$?fin$0@?0???$?RV<lambda_450d765d439847d4c735a33c368b5fc0>@@AEAV<lambda_44731a7d0e6d81c3e6aa82d741081786>@@V<lambda_601a2a7da3b7a96e9554ac7215c4b07c>@@@?$__crt_seh_guarded_call@P6AXH@Z@@QEAAP6AXH@Z$$QEAV<lambda_450d765d439847d4c735a33c368b5fc0>@@AEAV<lambda_44731a7d0e6d81c3e6aa82d741081786>@@$$QEAV<lambda_601a2a7da3b7a96e9554ac7215c4b07c>@@@Z@4HA 00000001800318a8     libucrt:signal.obj
 0004:000018a8       $pdata$?fin$0@?0???$?RV<lambda_aa87e3671a710a21b5dc78c0bdf72e11>@@AEAV<lambda_92619d2358a28f41a33ba319515a20b9>@@V<lambda_6992ecaafeb10aed2b74cb1fae11a551>@@@?$__crt_seh_guarded_call@X@@QEAAX$$QEAV<lambda_aa87e3671a710a21b5dc78c0bdf72e11>@@AEAV<lambda_92619d2358a28f41a33ba319515a20b9>@@$$QEAV<lambda_6992ecaafeb10aed2b74cb1fae11a551>@@@Z@4HA 00000001800318a8     libucrt:per_thread_data.obj
 0004:000018a8       $pdata$?fin$0@?0???$?RV<lambda_8369fcb7c4df1e85de37618bd2b85f07>@@AEAV<lambda_a10e4b102d4a2c3aac6f4f48bbdf488f>@@V<lambda_5b7707bd6d7a0c4713179f36c7fd995d>@@@?$__crt_seh_guarded_call@H@@QEAAH$$QEAV<lambda_8369fcb7c4df1e85de37618bd2b85f07>@@AEAV<lambda_a10e4b102d4a2c3aac6f4f48bbdf488f>@@$$QEAV<lambda_5b7707bd6d7a0c4713179f36c7fd995d>@@@Z@4HA 00000001800318a8     libucrt:onexit.obj
 0004:000018a8       $pdata$?fin$0@?0???$?RV<lambda_7777bce6b2f8c936911f934f8298dc43>@@AEAV<lambda_f03950bc5685219e0bcd2087efbe011e>@@V<lambda_3883c3dff614d5e0c5f61bb1ac94921c>@@@?$__crt_seh_guarded_call@H@@QEAAH$$QEAV<lambda_7777bce6b2f8c936911f934f8298dc43>@@AEAV<lambda_f03950bc5685219e0bcd2087efbe011e>@@$$QEAV<lambda_3883c3dff614d5e0c5f61bb1ac94921c>@@@Z@4HA 00000001800318a8     libucrt:onexit.obj
 0004:000018a8       $pdata$?fin$0@?0???$?RV<lambda_d80eeec6fff315bfe5c115232f3240e3>@@AEAV<lambda_6e4b09c48022b2350581041d5f6b0c4c>@@V<lambda_2358e3775559c9db80273638284d5e45>@@@?$__crt_seh_guarded_call@X@@QEAAX$$QEAV<lambda_d80eeec6fff315bfe5c115232f3240e3>@@AEAV<lambda_6e4b09c48022b2350581041d5f6b0c4c>@@$$QEAV<lambda_2358e3775559c9db80273638284d5e45>@@@Z@4HA 00000001800318a8     libucrt:exit.obj
 0004:000018b4       $pdata$?filt$0@?0???R<lambda_6e4b09c48022b2350581041d5f6b0c4c>@@QEBA@XZ@4HA 00000001800318b4     libucrt:exit.obj
 0004:000018c0       $pdata$?fin$0@?0???$?RV<lambda_410d79af7f07d98d83a3f525b3859a53>@@AEAV<lambda_3e16ef9562a7dcce91392c22ab16ea36>@@V<lambda_38119f0e861e05405d8a144b9b982f0a>@@@?$__crt_seh_guarded_call@X@@QEAAX$$QEAV<lambda_410d79af7f07d98d83a3f525b3859a53>@@AEAV<lambda_3e16ef9562a7dcce91392c22ab16ea36>@@$$QEAV<lambda_38119f0e861e05405d8a144b9b982f0a>@@@Z@4HA 00000001800318c0     libucrt:wsetlocale.obj
 0004:000018cc       $pdata$__acrt_lowio_ensure_fh_exists$fin$0 00000001800318cc     libucrt:osfinfo.obj
 0004:000018cc       $pdata$__acrt_initialize_lowio$fin$0 00000001800318cc     libucrt:ioinit.obj
 0004:000018d8       $pdata$?fin$0@?0???$?RV<lambda_886d6c58226a84441f68b9f2b8217b83>@@AEAV<lambda_ab61a845afdef5b7c387490eaf3616ee>@@V<lambda_f7f22ab5edc0698d5f6905b0d3f44752>@@@?$__crt_seh_guarded_call@X@@QEAAX$$QEAV<lambda_886d6c58226a84441f68b9f2b8217b83>@@AEAV<lambda_ab61a845afdef5b7c387490eaf3616ee>@@$$QEAV<lambda_f7f22ab5edc0698d5f6905b0d3f44752>@@@Z@4HA 00000001800318d8     libucrt:fflush.obj
 0004:000018e4       $pdata$raise$fin$0         00000001800318e4     libucrt:signal.obj
 0004:000018f0       $pdata$?fin$0@?0??update_thread_multibyte_data_internal@@YAPEAU__crt_multibyte_data@@QEAU__acrt_ptd@@QEAPEAU1@@Z@4HA 00000001800318f0     libucrt:mbctype.obj
 0004:000018fc       $pdata$__acrt_update_thread_locale_data$fin$0 00000001800318fc     libucrt:locale_refcounting.obj
 0004:00001908       $pdata$_fcloseall$fin$0    0000000180031908     libucrt:closeall.obj
 0004:00001914       $pdata$?fin$0@?0???$?RV<lambda_a37b2b86f63e897a80ea819b0eb08c01>@@AEAV<lambda_38ce7e780aa69e748d6df282ebc68efe>@@V<lambda_99fb1378e971ab6e7edea83e3a7a83a2>@@@?$__crt_seh_guarded_call@H@@QEAAH$$QEAV<lambda_a37b2b86f63e897a80ea819b0eb08c01>@@AEAV<lambda_38ce7e780aa69e748d6df282ebc68efe>@@$$QEAV<lambda_99fb1378e971ab6e7edea83e3a7a83a2>@@@Z@4HA 0000000180031914     libucrt:commit.obj
 0004:00001914       $pdata$?fin$0@?0???$?RV<lambda_751a882b2c74d4b022dec766aa51a29a>@@AEAV<lambda_628dfdc04ba53c8bfc02c9951375f3f5>@@V<lambda_f6c7be5f7998530c34de24c7437d6b54>@@@?$__crt_seh_guarded_call@H@@QEAAH$$QEAV<lambda_751a882b2c74d4b022dec766aa51a29a>@@AEAV<lambda_628dfdc04ba53c8bfc02c9951375f3f5>@@$$QEAV<lambda_f6c7be5f7998530c34de24c7437d6b54>@@@Z@4HA 0000000180031914     libucrt:close.obj
 0004:00001920       $pdata$?fin$0@?0???$common_lseek@_J@@YA_JH_JH@Z@4HA 0000000180031920     libucrt:lseek.obj
 0004:00001920       $pdata$_write$fin$0        0000000180031920     libucrt:write.obj
 0004:0000192c       $pdata$fclose$fin$0        000000018003192c     libucrt:fclose.obj
 0004:00001938       $pdata$_ctrlfp$filt$0      0000000180031938     libucrt:fpctrl.obj
 0004:00001944       $pdata$_IsNonwritableInCurrentImage$filt$0 0000000180031944     LIBCMT:pesect.obj
 0004:00001950       $pdata$??__Fg_closingHandles@@YAXXZ 0000000180031950     serialport_win.obj
 0005:00000060       $R000000                   0000000180032060     * linker generated manifest res *

 Exports

  ordinal    name

        1    _register_serialport_
